IQ-TREE version 3.1.1 for Linux x86 64-bit built Apr  8 2026
Developed by Bui Quang Minh, Thomas Wong, Nhan Ly-Trong, Huaiyan Ren
Contributed by Lam-Tung Nguyen, Dominik Schrempf, Chris Bielow,
Olga Chernomor, Michael Woodhams, Diep Thi Hoang, Heiko Schmidt

Host:    cn604-18 (AVX512, FMA3, 755 GB RAM)
Command: iqtree -s M23_aln_v2_trim.fasta -m MFP -bb 1000 -alrt 1000 -nt 16 -pre M23_iqtree_v2 -redo
Seed:    635803 (Using SPRNG - Scalable Parallel Random Number Generator)
Time:    Sun May 17 17:21:16 2026
Kernel:  AVX+FMA - 16 threads (16 CPU cores detected)

Reading alignment file M23_aln_v2_trim.fasta ... Fasta format detected
Reading fasta file: done in 0.00542599 secs using 2.506% CPU
Alignment most likely contains protein sequences
Constructing alignment: done in 0.000323179 secs using 99.33% CPU
Alignment has 101 sequences with 299 columns, 299 distinct patterns
291 parsimony-informative, 6 singleton sites, 2 constant sites
                                                              Gap/Ambiguity  Composition  p-value
Analyzing sequences: done in 0.00470655 secs using 1076% CPU
   1  PL25_M23                                                        0.00%    passed     58.02%
   2  REF_Lysostaphin_Staphylococcus_simulans_P10547                 14.38%    failed      0.00%
   3  REF_LytM_Staphylococcus_aureus_O33599                          19.40%    failed      0.00%
   4  REF_ALE-1_Staphylococcus_capitis_Q47728                        38.13%    failed      0.02%
   5  REF_CwlT_ICEBs1_Bacillus_subtilis_O32008                       18.73%    failed      0.45%
   6  REF_ZoocinA_Streptococcus_zooepidemicus_O54309                 31.77%    failed      0.02%
   7  REF_EnpA_Enterococcus_faecalis_prophage_E1V3I0                 55.52%    failed      0.00%
   8  WP_047980627.1                                                  0.00%    passed     87.09%
   9  WP_066194568.1                                                  2.34%    passed     24.97%
  10  WP_163578527.1                                                  0.33%    passed     89.95%
  11  WP_343191776.1                                                  3.01%    passed     72.57%
  12  WP_269919978.1                                                  3.01%    passed     79.83%
  13  WP_227092181.1                                                  3.01%    passed     78.13%
  14  WP_324225084.1                                                  0.00%    passed     32.99%
  15  WP_176447356.1                                                  0.00%    passed     67.62%
  16  WP_461177648.1                                                  0.33%    passed     67.83%
  17  WP_390274409.1                                                  0.00%    passed     32.67%
  18  WP_068441797.1                                                  0.00%    passed     55.43%
  19  WP_390303499.1                                                  0.00%    passed     18.93%
  20  WP_138600556.1                                                  0.00%    passed     99.59%
  21  WP_382391954.1                                                  0.00%    passed     96.36%
  22  WP_138600713.1                                                  0.00%    passed     96.99%
  23  WP_082220163.1                                                  1.67%    passed     98.94%
  24  WP_046176727.1                                                  1.67%    passed     99.85%
  25  WP_394237463.1                                                  0.00%    passed     73.92%
  26  WP_251274384.1                                                  1.67%    passed     98.80%
  27  WP_097074628.1                                                  0.00%    passed     85.07%
  28  MER1987475.1                                                    0.00%    passed     99.21%
  29  WP_464380148.1                                                  0.00%    passed     15.89%
  30  WP_443121293.1                                                  0.00%    passed     49.62%
  31  WP_391374839.1                                                  0.00%    passed     95.98%
  32  WP_380771496.1                                                  0.00%    passed     92.34%
  33  WP_144460345.1                                                  0.00%    passed     92.69%
  34  WP_052400764.1                                                  0.67%    passed     59.17%
  35  WP_340833285.1                                                  0.00%    passed     54.72%
  36  WP_415778640.1                                                  0.00%    passed     84.20%
  37  WP_440440272.1                                                  0.00%    passed     54.74%
  38  WP_453509148.1                                                  2.34%    passed     81.12%
  39  WP_392723777.1                                                  0.00%    passed     65.04%
  40  WP_379165135.1                                                  1.00%    passed     73.64%
  41  WP_181473872.1                                                  0.33%    passed     86.05%
  42  WP_243292829.1                                                  0.33%    passed     89.22%
  43  EGL15072.1                                                      1.00%    passed     93.62%
  44  WP_231392196.1                                                  0.00%    passed     94.21%
  45  WP_213429141.1                                                  0.00%    passed     87.59%
  46  MCC4313474.1                                                    2.34%    passed     62.70%
  47  WP_413242722.1                                                  2.68%    passed     13.28%
  48  WP_229252482.1                                                  2.34%    passed     62.70%
  49  WP_082231923.1                                                  2.01%    passed     97.89%
  50  WP_144625337.1                                                  0.67%    passed     90.11%
  51  WP_341115568.1                                                  2.34%    passed     61.60%
  52  WP_173918989.1                                                  2.01%    passed     92.08%
  53  MBD7939652.1                                                    1.34%    passed     91.27%
  54  WP_336766092.1                                                  0.00%    passed     79.20%
  55  WP_459286492.1                                                  0.00%    passed     68.64%
  56  WP_337035791.1                                                  0.00%    passed     63.81%
  57  WP_225230805.1                                                  0.00%    passed     93.42%
  58  WP_193065424.1                                                  0.00%    passed     68.62%
  59  WP_253500519.1                                                  0.00%    passed     63.58%
  60  WP_090905445.1                                                  0.00%    passed     79.94%
  61  KMM61068.1                                                      1.00%    passed     96.99%
  62  WP_218047977.1                                                  0.00%    passed     90.84%
  63  WP_172691963.1                                                  0.00%    passed     89.24%
  64  WP_326068009.1                                                  0.00%    passed     90.84%
  65  WP_268348884.1                                                  0.00%    passed     90.84%
  66  WP_017474141.1                                                  0.00%    passed     87.32%
  67  WP_268346717.1                                                  0.00%    passed     90.84%
  68  WP_251647350.1                                                  2.68%    passed     89.64%
  69  WP_268412158.1                                                  0.00%    passed     91.16%
  70  AYC54099.1                                                      2.68%    passed     92.60%
  71  WP_017815158.1                                                  0.00%    passed     94.63%
  72  WP_019688376.1                                                  0.00%    passed     39.64%
  73  WP_126666970.1                                                  0.00%    passed     29.89%
  74  WP_326243746.1                                                  0.67%    passed     90.74%
  75  WP_342437610.1                                                  3.34%    passed     71.83%
  76  WP_330721863.1                                                  0.00%    passed     45.60%
  77  WP_290410654.1                                                  0.00%    passed     43.21%
  78  WP_144523896.1                                                  0.00%    passed     87.46%
  79  WP_213380728.1                                                  0.67%    passed     90.74%
  80  WP_430097725.1                                                  0.00%    passed     38.67%
  81  WP_073411996.1                                                  0.00%    passed     79.47%
  82  WP_073208534.1                                                  0.00%    passed     81.75%
  83  WP_474970554.1                                                  2.01%    passed     97.74%
  84  WP_474317616.1                                                  0.00%    passed     45.69%
  85  WP_367912948.1                                                  0.00%    passed     80.99%
  86  WP_096882194.1                                                  0.00%    passed     78.91%
  87  QWS52513.1                                                      2.34%    passed     82.16%
  88  PHAGE_HydH5_Staph_phage_vB_SauS_phiIPLA88_B3VMQ7               59.87%    failed      0.00%
  89  PHAGE_Ply118_Listeria_phage_A118_Q9ANP1                        29.10%    failed      0.00%
  90  PHAGE_Phi11_endolysin_Staph_Q937Q4                             53.85%    failed      0.00%
  91  PHAGE_phi11_endolysin_Staph_phage_phi11_AAA67582.1             73.24%    passed     42.55%
  92  PHAGE_Twort_endolysin_Staph_phage_Twort_YP_001285805.1         77.26%    failed      0.00%
  93  PHAGE_PlyGRCS_endolysin_Staph_phage_GRCS_WP_058037683.1        15.38%    failed      0.00%
  94  PHAGE_phiTRT_endolysin_Staph_phage_phiSauS_IPLA35_AGH09573.1   60.87%    failed      0.00%
  95  PHAGE_phi67_endolysin_ATY82029.1                               66.22%    failed      2.42%
  96  PHAGE_LysK_Staph_phage_K_AAV44706.1                            46.82%    failed      1.48%
  97  PHAGE_LysK_alt_Staph_phage_K_AAU05814.1                        66.22%    passed      6.49%
  98  PHAGE_Cph1_Cgut_phage_endolysin_YP_240620.1                     4.68%    failed      0.06%
  99  PHAGE_LysB4_Bacillus_phage_B4_ABF71569.1                       54.18%    failed      0.81%
 100  PHAGE_Plyba_Bacillus_phage_BA_AAQ74489.1                       27.76%    failed      0.02%
 101  PHAGE_BSPM4_endolysin_AGT53802.1                               36.79%    failed      0.00%
WARNING: 9 sequences contain more than 50% gaps/ambiguity
****  TOTAL                                                           8.95%  18 sequences failed composition chi2 test (p-value<5%; df=19)
NOTE: WP_229252482.1 is identical to MCC4313474.1 but kept for subsequent analysis
NOTE: WP_268346717.1 is identical to WP_268348884.1 but kept for subsequent analysis
NOTE: WP_213380728.1 is identical to WP_326243746.1 but kept for subsequent analysis
Checking for duplicate sequences: done in 0.00471732 secs using 1437% CPU


Create initial parsimony tree by phylogenetic likelihood library (PLL)... 0.020 seconds
WARNING: Number of threads seems too high for short alignments. Use -T AUTO to determine best number of threads.
Perform fast likelihood tree search using LG+I+G model...
Estimate model parameters (epsilon = 5.000)
Perform nearest neighbor interchange...
Estimate model parameters (epsilon = 1.000)
1. Initial log-likelihood: -25172.672
Optimal log-likelihood: -25172.470
Proportion of invariable sites: 0.006
Gamma shape alpha: 1.594
Parameters optimization took 1 rounds (0.052 sec)
Time for fast ML tree search: 0.591 seconds

NOTE: ModelFinder requires 51 MB RAM!
ModelFinder will test up to 1232 protein models (sample size: 299 epsilon: 0.100) ...
 No. Model         -LnL         df  AIC          AICc         BIC
WARNING: Number of threads seems too high for short alignments. Use -T AUTO to determine best number of threads.
  1  LG            25956.051    199 52310.102    53114.142    53046.490
WARNING: Number of threads seems too high for short alignments. Use -T AUTO to determine best number of threads.
  2  LG+I          25939.472    200 52278.943    53099.352    53019.032
WARNING: Number of threads seems too high for short alignments. Use -T AUTO to determine best number of threads.
  3  LG+G4         25174.429    200 50748.859    51569.267    51488.948
WARNING: Number of threads seems too high for short alignments. Use -T AUTO to determine best number of threads.
  4  LG+I+G4       25172.415    201 50746.831    51583.985    51490.620
WARNING: Number of threads seems too high for short alignments. Use -T AUTO to determine best number of threads.
  5  LG+R2         25282.864    201 50967.729    51804.884    51711.518
WARNING: Number of threads seems too high for short alignments. Use -T AUTO to determine best number of threads.
  6  LG+R3         25185.593    203 50777.185    51649.017    51528.375
WARNING: Number of threads seems too high for short alignments. Use -T AUTO to determine best number of threads.
  7  LG+R4         25162.031    205 50734.062    51642.234    51492.653
WARNING: Number of threads seems too high for short alignments. Use -T AUTO to determine best number of threads.
  8  LG+R5         25161.611    207 50737.222    51683.508    51503.214
WARNING: Number of threads seems too high for short alignments. Use -T AUTO to determine best number of threads.
 14  LG+I+R2       25277.289    202 50958.579    51812.871    51706.069
WARNING: Number of threads seems too high for short alignments. Use -T AUTO to determine best number of threads.
 15  LG+I+R3       25183.368    204 50774.737    51664.524    51529.627
WARNING: Number of threads seems too high for short alignments. Use -T AUTO to determine best number of threads.
 16  LG+I+R4       25160.131    206 50732.262    51659.262    51494.554
WARNING: Number of threads seems too high for short alignments. Use -T AUTO to determine best number of threads.
 17  LG+I+R5       25159.805    208 50735.610    51701.654    51505.302
WARNING: Number of threads seems too high for short alignments. Use -T AUTO to determine best number of threads.
 25  LG+F+G4       25332.257    219 51102.514    52322.261    51912.911
WARNING: Number of threads seems too high for short alignments. Use -T AUTO to determine best number of threads.
 26  LG+F+I+G4     25330.617    220 51101.233    52347.900    51915.331
WARNING: Number of threads seems too high for short alignments. Use -T AUTO to determine best number of threads.
 29  LG+F+R4       25323.122    224 51094.245    52456.407    51923.144
WARNING: Number of threads seems too high for short alignments. Use -T AUTO to determine best number of threads.
 38  LG+F+I+R4     25321.434    225 51092.868    52486.019    51925.468
WARNING: Number of threads seems too high for short alignments. Use -T AUTO to determine best number of threads.
 47  WAG+G4        25189.086    200 50778.172    51598.580    51518.260
WARNING: Number of threads seems too high for short alignments. Use -T AUTO to determine best number of threads.
 48  WAG+I+G4      25187.542    201 50777.084    51614.239    51520.873
WARNING: Number of threads seems too high for short alignments. Use -T AUTO to determine best number of threads.
 51  WAG+R4        25179.512    205 50769.024    51677.196    51527.615
WARNING: Number of threads seems too high for short alignments. Use -T AUTO to determine best number of threads.
 60  WAG+I+R4      25177.986    206 50767.973    51694.973    51530.264
WARNING: Number of threads seems too high for short alignments. Use -T AUTO to determine best number of threads.
 69  WAG+F+G4      25290.930    219 51019.861    52239.608    51830.258
WARNING: Number of threads seems too high for short alignments. Use -T AUTO to determine best number of threads.
 70  WAG+F+I+G4    25289.947    220 51019.893    52266.560    51833.991
WARNING: Number of threads seems too high for short alignments. Use -T AUTO to determine best number of threads.
 73  WAG+F+R4      25283.179    224 51014.359    52376.521    51843.258
WARNING: Number of threads seems too high for short alignments. Use -T AUTO to determine best number of threads.
 82  WAG+F+I+R4    25282.269    225 51014.537    52407.688    51847.137
WARNING: Number of threads seems too high for short alignments. Use -T AUTO to determine best number of threads.
 91  JTT+G4        25444.623    200 51289.246    52109.655    52029.335
WARNING: Number of threads seems too high for short alignments. Use -T AUTO to determine best number of threads.
 92  JTT+I+G4      25440.336    201 51282.672    52119.827    52026.461
WARNING: Number of threads seems too high for short alignments. Use -T AUTO to determine best number of threads.
 95  JTT+R4        25434.095    205 51278.189    52186.361    52036.780
WARNING: Number of threads seems too high for short alignments. Use -T AUTO to determine best number of threads.
104  JTT+I+R4      25429.881    206 51271.763    52198.763    52034.054
WARNING: Number of threads seems too high for short alignments. Use -T AUTO to determine best number of threads.
113  JTT+F+G4      25571.528    219 51581.055    52800.802    52391.453
WARNING: Number of threads seems too high for short alignments. Use -T AUTO to determine best number of threads.
114  JTT+F+I+G4    25568.458    220 51576.915    52823.582    52391.013
WARNING: Number of threads seems too high for short alignments. Use -T AUTO to determine best number of threads.
117  JTT+F+R4      25561.179    224 51570.357    52932.519    52399.257
WARNING: Number of threads seems too high for short alignments. Use -T AUTO to determine best number of threads.
126  JTT+F+I+R4    25558.204    225 51566.409    52959.559    52399.008
WARNING: Number of threads seems too high for short alignments. Use -T AUTO to determine best number of threads.
135  Q.PFAM+G4     25170.547    200 50741.093    51561.501    51481.182
WARNING: Number of threads seems too high for short alignments. Use -T AUTO to determine best number of threads.
136  Q.PFAM+I+G4   25167.907    201 50737.814    51574.969    51481.604
WARNING: Number of threads seems too high for short alignments. Use -T AUTO to determine best number of threads.
139  Q.PFAM+R4     25160.027    205 50730.054    51638.226    51488.645
WARNING: Number of threads seems too high for short alignments. Use -T AUTO to determine best number of threads.
148  Q.PFAM+I+R4   25157.365    206 50726.731    51653.731    51489.022
WARNING: Number of threads seems too high for short alignments. Use -T AUTO to determine best number of threads.
157  Q.PFAM+F+G4   25349.377    219 51136.754    52356.501    51947.151
WARNING: Number of threads seems too high for short alignments. Use -T AUTO to determine best number of threads.
158  Q.PFAM+F+I+G4 25347.480    220 51134.960    52381.626    51949.057
WARNING: Number of threads seems too high for short alignments. Use -T AUTO to determine best number of threads.
161  Q.PFAM+F+R4   25341.986    224 51131.972    52494.134    51960.872
WARNING: Number of threads seems too high for short alignments. Use -T AUTO to determine best number of threads.
170  Q.PFAM+F+I+R4 25340.042    225 51130.083    52523.234    51962.683
WARNING: Number of threads seems too high for short alignments. Use -T AUTO to determine best number of threads.
179  Q.BIRD+G4     25997.451    200 52394.902    53215.310    53134.991
WARNING: Number of threads seems too high for short alignments. Use -T AUTO to determine best number of threads.
180  Q.BIRD+I+G4   25989.160    201 52380.320    53217.475    53124.109
WARNING: Number of threads seems too high for short alignments. Use -T AUTO to determine best number of threads.
183  Q.BIRD+R4     25985.054    205 52380.108    53288.280    53138.699
WARNING: Number of threads seems too high for short alignments. Use -T AUTO to determine best number of threads.
192  Q.BIRD+I+R4   25976.980    206 52365.960    53292.960    53128.252
WARNING: Number of threads seems too high for short alignments. Use -T AUTO to determine best number of threads.
201  Q.BIRD+F+G4   26113.196    219 52664.392    53884.139    53474.789
WARNING: Number of threads seems too high for short alignments. Use -T AUTO to determine best number of threads.
202  Q.BIRD+F+I+G4 26108.189    220 52656.378    53903.044    53470.475
WARNING: Number of threads seems too high for short alignments. Use -T AUTO to determine best number of threads.
205  Q.BIRD+F+R4   26093.982    224 52635.964    53998.126    53464.863
WARNING: Number of threads seems too high for short alignments. Use -T AUTO to determine best number of threads.
214  Q.BIRD+F+I+R4 26089.387    225 52628.774    54021.925    53461.374
WARNING: Number of threads seems too high for short alignments. Use -T AUTO to determine best number of threads.
223  Q.MAMMAL+G4   25834.493    200 52068.987    52889.395    52809.075
WARNING: Number of threads seems too high for short alignments. Use -T AUTO to determine best number of threads.
224  Q.MAMMAL+I+G4 25826.232    201 52054.464    52891.619    52798.253
WARNING: Number of threads seems too high for short alignments. Use -T AUTO to determine best number of threads.
227  Q.MAMMAL+R4   25822.755    205 52055.509    52963.681    52814.100
WARNING: Number of threads seems too high for short alignments. Use -T AUTO to determine best number of threads.
236  Q.MAMMAL+I+R4 25814.578    206 52041.156    52968.156    52803.447
WARNING: Number of threads seems too high for short alignments. Use -T AUTO to determine best number of threads.
245  Q.MAMMAL+F+G4 25932.085    219 52302.169    53521.916    53112.566
WARNING: Number of threads seems too high for short alignments. Use -T AUTO to determine best number of threads.
246  Q.MAMMAL+F+I+G4 25926.844    220 52293.689    53540.356    53107.786
WARNING: Number of threads seems too high for short alignments. Use -T AUTO to determine best number of threads.
249  Q.MAMMAL+F+R4 25916.173    224 52280.346    53642.508    53109.245
WARNING: Number of threads seems too high for short alignments. Use -T AUTO to determine best number of threads.
258  Q.MAMMAL+F+I+R4 25911.055    225 52272.109    53665.260    53104.709
WARNING: Number of threads seems too high for short alignments. Use -T AUTO to determine best number of threads.
267  Q.INSECT+G4   25317.145    200 51034.291    51854.699    51774.379
WARNING: Number of threads seems too high for short alignments. Use -T AUTO to determine best number of threads.
268  Q.INSECT+I+G4 25310.318    201 51022.637    51859.792    51766.426
WARNING: Number of threads seems too high for short alignments. Use -T AUTO to determine best number of threads.
271  Q.INSECT+R4   25305.178    205 51020.356    51928.528    51778.947
WARNING: Number of threads seems too high for short alignments. Use -T AUTO to determine best number of threads.
280  Q.INSECT+I+R4 25298.604    206 51009.208    51936.208    51771.499
WARNING: Number of threads seems too high for short alignments. Use -T AUTO to determine best number of threads.
289  Q.INSECT+F+G4 25586.297    219 51610.595    52830.341    52420.992
WARNING: Number of threads seems too high for short alignments. Use -T AUTO to determine best number of threads.
290  Q.INSECT+F+I+G4 25580.732    220 51601.464    52848.130    52415.561
WARNING: Number of threads seems too high for short alignments. Use -T AUTO to determine best number of threads.
293  Q.INSECT+F+R4 25574.301    224 51596.602    52958.765    52425.502
WARNING: Number of threads seems too high for short alignments. Use -T AUTO to determine best number of threads.
302  Q.INSECT+F+I+R4 25569.094    225 51588.188    52981.338    52420.788
WARNING: Number of threads seems too high for short alignments. Use -T AUTO to determine best number of threads.
311  Q.PLANT+G4    25492.788    200 51385.576    52205.984    52125.664
WARNING: Number of threads seems too high for short alignments. Use -T AUTO to determine best number of threads.
312  Q.PLANT+I+G4  25488.671    201 51379.341    52216.496    52123.130
WARNING: Number of threads seems too high for short alignments. Use -T AUTO to determine best number of threads.
315  Q.PLANT+R4    25481.698    205 51373.397    52281.569    52131.988
WARNING: Number of threads seems too high for short alignments. Use -T AUTO to determine best number of threads.
324  Q.PLANT+I+R4  25477.629    206 51367.258    52294.258    52129.550
WARNING: Number of threads seems too high for short alignments. Use -T AUTO to determine best number of threads.
333  Q.PLANT+F+G4  25672.655    219 51783.310    53003.057    52593.707
WARNING: Number of threads seems too high for short alignments. Use -T AUTO to determine best number of threads.
334  Q.PLANT+F+I+G4 25669.953    220 51779.906    53026.573    52594.004
WARNING: Number of threads seems too high for short alignments. Use -T AUTO to determine best number of threads.
337  Q.PLANT+F+R4  25662.194    224 51772.387    53134.550    52601.287
WARNING: Number of threads seems too high for short alignments. Use -T AUTO to determine best number of threads.
346  Q.PLANT+F+I+R4 25659.534    225 51769.067    53162.218    52601.667
WARNING: Number of threads seems too high for short alignments. Use -T AUTO to determine best number of threads.
355  Q.YEAST+G4    25241.506    200 50883.013    51703.421    51623.102
WARNING: Number of threads seems too high for short alignments. Use -T AUTO to determine best number of threads.
356  Q.YEAST+I+G4  25235.453    201 50872.906    51710.060    51616.695
WARNING: Number of threads seems too high for short alignments. Use -T AUTO to determine best number of threads.
359  Q.YEAST+R4    25229.323    205 50868.647    51776.819    51627.238
WARNING: Number of threads seems too high for short alignments. Use -T AUTO to determine best number of threads.
368  Q.YEAST+I+R4  25223.406    206 50858.812    51785.812    51621.103
WARNING: Number of threads seems too high for short alignments. Use -T AUTO to determine best number of threads.
377  Q.YEAST+F+G4  25506.137    219 51450.275    52670.022    52260.672
WARNING: Number of threads seems too high for short alignments. Use -T AUTO to determine best number of threads.
378  Q.YEAST+F+I+G4 25501.089    220 51442.178    52688.845    52256.276
WARNING: Number of threads seems too high for short alignments. Use -T AUTO to determine best number of threads.
381  Q.YEAST+F+R4  25494.352    224 51436.704    52798.866    52265.603
WARNING: Number of threads seems too high for short alignments. Use -T AUTO to determine best number of threads.
390  Q.YEAST+F+I+R4 25489.477    225 51428.954    52822.105    52261.554
WARNING: Number of threads seems too high for short alignments. Use -T AUTO to determine best number of threads.
399  JTTDCMUT+G4   25446.060    200 51292.120    52112.528    52032.209
WARNING: Number of threads seems too high for short alignments. Use -T AUTO to determine best number of threads.
400  JTTDCMUT+I+G4 25442.272    201 51286.544    52123.699    52030.333
WARNING: Number of threads seems too high for short alignments. Use -T AUTO to determine best number of threads.
403  JTTDCMUT+R4   25435.532    205 51281.065    52189.237    52039.656
WARNING: Number of threads seems too high for short alignments. Use -T AUTO to determine best number of threads.
412  JTTDCMUT+I+R4 25431.828    206 51275.656    52202.656    52037.948
WARNING: Number of threads seems too high for short alignments. Use -T AUTO to determine best number of threads.
421  JTTDCMUT+F+G4 25567.873    219 51573.747    52793.494    52384.144
WARNING: Number of threads seems too high for short alignments. Use -T AUTO to determine best number of threads.
422  JTTDCMUT+F+I+G4 25565.175    220 51570.350    52817.017    52384.448
WARNING: Number of threads seems too high for short alignments. Use -T AUTO to determine best number of threads.
425  JTTDCMUT+F+R4 25557.961    224 51563.922    52926.084    52392.821
WARNING: Number of threads seems too high for short alignments. Use -T AUTO to determine best number of threads.
434  JTTDCMUT+F+I+R4 25555.432    225 51560.863    52954.014    52393.463
WARNING: Number of threads seems too high for short alignments. Use -T AUTO to determine best number of threads.
443  DCMUT+G4      25535.210    200 51470.421    52290.829    52210.509
WARNING: Number of threads seems too high for short alignments. Use -T AUTO to determine best number of threads.
444  DCMUT+I+G4    25531.508    201 51465.016    52302.171    52208.805
WARNING: Number of threads seems too high for short alignments. Use -T AUTO to determine best number of threads.
447  DCMUT+R4      25527.116    205 51464.232    52372.404    52222.823
WARNING: Number of threads seems too high for short alignments. Use -T AUTO to determine best number of threads.
456  DCMUT+I+R4    25523.780    206 51459.560    52386.560    52221.852
WARNING: Number of threads seems too high for short alignments. Use -T AUTO to determine best number of threads.
465  DCMUT+F+G4    25568.240    219 51574.481    52794.228    52384.878
WARNING: Number of threads seems too high for short alignments. Use -T AUTO to determine best number of threads.
466  DCMUT+F+I+G4  25564.972    220 51569.943    52816.610    52384.041
WARNING: Number of threads seems too high for short alignments. Use -T AUTO to determine best number of threads.
469  DCMUT+F+R4    25559.487    224 51566.973    52929.135    52395.873
WARNING: Number of threads seems too high for short alignments. Use -T AUTO to determine best number of threads.
478  DCMUT+F+I+R4  25556.397    225 51562.795    52955.946    52395.395
WARNING: Number of threads seems too high for short alignments. Use -T AUTO to determine best number of threads.
487  VT+G4         25251.189    200 50902.377    51722.785    51642.466
WARNING: Number of threads seems too high for short alignments. Use -T AUTO to determine best number of threads.
488  VT+I+G4       25248.336    201 50898.671    51735.826    51642.460
WARNING: Number of threads seems too high for short alignments. Use -T AUTO to determine best number of threads.
491  VT+R4         25243.027    205 50896.053    51804.225    51654.644
WARNING: Number of threads seems too high for short alignments. Use -T AUTO to determine best number of threads.
500  VT+I+R4       25240.135    206 50892.270    51819.270    51654.561
WARNING: Number of threads seems too high for short alignments. Use -T AUTO to determine best number of threads.
509  VT+F+G4       25407.954    219 51253.909    52473.656    52064.306
WARNING: Number of threads seems too high for short alignments. Use -T AUTO to determine best number of threads.
510  VT+F+I+G4     25405.616    220 51251.232    52497.899    52065.330
WARNING: Number of threads seems too high for short alignments. Use -T AUTO to determine best number of threads.
513  VT+F+R4       25401.545    224 51251.090    52613.252    52079.989
WARNING: Number of threads seems too high for short alignments. Use -T AUTO to determine best number of threads.
522  VT+F+I+R4     25399.252    225 51248.504    52641.654    52081.103
WARNING: Number of threads seems too high for short alignments. Use -T AUTO to determine best number of threads.
531  PMB+G4        25383.840    200 51167.680    51988.089    51907.769
WARNING: Number of threads seems too high for short alignments. Use -T AUTO to determine best number of threads.
532  PMB+I+G4      25381.912    201 51165.823    52002.978    51909.613
WARNING: Number of threads seems too high for short alignments. Use -T AUTO to determine best number of threads.
535  PMB+R4        25379.731    205 51169.461    52077.633    51928.052
WARNING: Number of threads seems too high for short alignments. Use -T AUTO to determine best number of threads.
544  PMB+I+R4      25377.772    206 51167.544    52094.544    51929.835
WARNING: Number of threads seems too high for short alignments. Use -T AUTO to determine best number of threads.
553  PMB+F+G4      25429.750    219 51297.500    52517.247    52107.897
WARNING: Number of threads seems too high for short alignments. Use -T AUTO to determine best number of threads.
554  PMB+F+I+G4    25427.866    220 51295.732    52542.399    52109.829
WARNING: Number of threads seems too high for short alignments. Use -T AUTO to determine best number of threads.
557  PMB+F+R4      25426.307    224 51300.614    52662.776    52129.514
WARNING: Number of threads seems too high for short alignments. Use -T AUTO to determine best number of threads.
566  PMB+F+I+R4    25424.450    225 51298.900    52692.051    52131.500
WARNING: Number of threads seems too high for short alignments. Use -T AUTO to determine best number of threads.
575  BLOSUM62+G4   25347.686    200 51095.371    51915.779    51835.460
WARNING: Number of threads seems too high for short alignments. Use -T AUTO to determine best number of threads.
576  BLOSUM62+I+G4 25345.832    201 51093.663    51930.818    51837.452
WARNING: Number of threads seems too high for short alignments. Use -T AUTO to determine best number of threads.
579  BLOSUM62+R4   25342.338    205 51094.675    52002.847    51853.266
WARNING: Number of threads seems too high for short alignments. Use -T AUTO to determine best number of threads.
588  BLOSUM62+I+R4 25340.467    206 51092.935    52019.935    51855.226
WARNING: Number of threads seems too high for short alignments. Use -T AUTO to determine best number of threads.
597  BLOSUM62+F+G4 25447.582    219 51333.164    52552.911    52143.561
WARNING: Number of threads seems too high for short alignments. Use -T AUTO to determine best number of threads.
598  BLOSUM62+F+I+G4 25445.647    220 51331.293    52577.960    52145.391
WARNING: Number of threads seems too high for short alignments. Use -T AUTO to determine best number of threads.
601  BLOSUM62+F+R4 25443.444    224 51334.889    52697.051    52163.788
WARNING: Number of threads seems too high for short alignments. Use -T AUTO to determine best number of threads.
610  BLOSUM62+F+I+R4 25441.556    225 51333.111    52726.262    52165.711
WARNING: Number of threads seems too high for short alignments. Use -T AUTO to determine best number of threads.
619  DAYHOFF+G4    25535.624    200 51471.248    52291.657    52211.337
WARNING: Number of threads seems too high for short alignments. Use -T AUTO to determine best number of threads.
620  DAYHOFF+I+G4  25531.953    201 51465.906    52303.061    52209.695
WARNING: Number of threads seems too high for short alignments. Use -T AUTO to determine best number of threads.
623  DAYHOFF+R4    25527.611    205 51465.222    52373.394    52223.813
WARNING: Number of threads seems too high for short alignments. Use -T AUTO to determine best number of threads.
632  DAYHOFF+I+R4  25526.391    206 51464.783    52391.783    52227.074
WARNING: Number of threads seems too high for short alignments. Use -T AUTO to determine best number of threads.
641  DAYHOFF+F+G4  25568.222    219 51574.445    52794.192    52384.842
WARNING: Number of threads seems too high for short alignments. Use -T AUTO to determine best number of threads.
642  DAYHOFF+F+I+G4 25564.971    220 51569.941    52816.608    52384.039
WARNING: Number of threads seems too high for short alignments. Use -T AUTO to determine best number of threads.
645  DAYHOFF+F+R4  25559.513    224 51567.026    52929.189    52395.926
WARNING: Number of threads seems too high for short alignments. Use -T AUTO to determine best number of threads.
654  DAYHOFF+F+I+R4 25556.369    225 51562.737    52955.888    52395.337
WARNING: Number of threads seems too high for short alignments. Use -T AUTO to determine best number of threads.
663  MTREV+G4      26396.073    200 53192.147    54012.555    53932.236
WARNING: Number of threads seems too high for short alignments. Use -T AUTO to determine best number of threads.
664  MTREV+I+G4    26396.082    201 53194.164    54031.318    53937.953
WARNING: Number of threads seems too high for short alignments. Use -T AUTO to determine best number of threads.
667  MTREV+R4      26389.123    205 53188.245    54096.417    53946.836
WARNING: Number of threads seems too high for short alignments. Use -T AUTO to determine best number of threads.
676  MTREV+I+R4    26389.122    206 53190.243    54117.243    53952.535
WARNING: Number of threads seems too high for short alignments. Use -T AUTO to determine best number of threads.
685  MTREV+F+G4    25697.314    219 51832.628    53052.375    52643.025
WARNING: Number of threads seems too high for short alignments. Use -T AUTO to determine best number of threads.
686  MTREV+F+I+G4  25697.310    220 51834.621    53081.288    52648.718
WARNING: Number of threads seems too high for short alignments. Use -T AUTO to determine best number of threads.
689  MTREV+F+R4    25691.524    224 51831.048    53193.210    52659.947
WARNING: Number of threads seems too high for short alignments. Use -T AUTO to determine best number of threads.
698  MTREV+F+I+R4  25691.537    225 51833.074    53226.225    52665.674
WARNING: Number of threads seems too high for short alignments. Use -T AUTO to determine best number of threads.
707  MTART+G4      26677.208    200 53754.416    54574.824    54494.505
WARNING: Number of threads seems too high for short alignments. Use -T AUTO to determine best number of threads.
708  MTART+I+G4    26677.207    201 53756.414    54593.569    54500.203
WARNING: Number of threads seems too high for short alignments. Use -T AUTO to determine best number of threads.
711  MTART+R4      26662.083    205 53734.165    54642.337    54492.756
WARNING: Number of threads seems too high for short alignments. Use -T AUTO to determine best number of threads.
720  MTART+I+R4    26661.878    206 53735.756    54662.756    54498.047
WARNING: Number of threads seems too high for short alignments. Use -T AUTO to determine best number of threads.
729  MTART+F+G4    25940.673    219 52319.347    53539.094    53129.744
WARNING: Number of threads seems too high for short alignments. Use -T AUTO to determine best number of threads.
730  MTART+F+I+G4  25939.911    220 52319.822    53566.489    53133.920
WARNING: Number of threads seems too high for short alignments. Use -T AUTO to determine best number of threads.
733  MTART+F+R4    25929.831    224 52307.663    53669.825    53136.562
WARNING: Number of threads seems too high for short alignments. Use -T AUTO to determine best number of threads.
742  MTART+F+I+R4  25928.911    225 52307.821    53700.972    53140.421
WARNING: Number of threads seems too high for short alignments. Use -T AUTO to determine best number of threads.
751  MTZOA+G4      26239.503    200 52879.007    53699.415    53619.095
WARNING: Number of threads seems too high for short alignments. Use -T AUTO to determine best number of threads.
752  MTZOA+I+G4    26237.694    201 52877.387    53714.542    53621.176
WARNING: Number of threads seems too high for short alignments. Use -T AUTO to determine best number of threads.
755  MTZOA+R4      26228.183    205 52866.366    53774.538    53624.957
WARNING: Number of threads seems too high for short alignments. Use -T AUTO to determine best number of threads.
764  MTZOA+I+R4    26226.629    206 52865.259    53792.259    53627.550
WARNING: Number of threads seems too high for short alignments. Use -T AUTO to determine best number of threads.
773  MTZOA+F+G4    25732.218    219 51902.436    53122.183    52712.833
WARNING: Number of threads seems too high for short alignments. Use -T AUTO to determine best number of threads.
774  MTZOA+F+I+G4  25729.414    220 51898.828    53145.494    52712.925
WARNING: Number of threads seems too high for short alignments. Use -T AUTO to determine best number of threads.
777  MTZOA+F+R4    25718.433    224 51884.866    53247.028    52713.765
WARNING: Number of threads seems too high for short alignments. Use -T AUTO to determine best number of threads.
786  MTZOA+F+I+R4  25715.658    225 51881.315    53274.466    52713.915
WARNING: Number of threads seems too high for short alignments. Use -T AUTO to determine best number of threads.
795  MTMET+G4      26467.830    200 53335.659    54156.067    54075.748
WARNING: Number of threads seems too high for short alignments. Use -T AUTO to determine best number of threads.
796  MTMET+I+G4    26466.778    201 53335.555    54172.710    54079.345
WARNING: Number of threads seems too high for short alignments. Use -T AUTO to determine best number of threads.
799  MTMET+R4      26454.499    205 53318.999    54227.171    54077.590
WARNING: Number of threads seems too high for short alignments. Use -T AUTO to determine best number of threads.
808  MTMET+I+R4    26453.348    206 53318.697    54245.697    54080.988
WARNING: Number of threads seems too high for short alignments. Use -T AUTO to determine best number of threads.
817  MTMET+F+G4    25843.670    219 52125.340    53345.087    52935.737
WARNING: Number of threads seems too high for short alignments. Use -T AUTO to determine best number of threads.
818  MTMET+F+I+G4  25840.599    220 52121.198    53367.865    52935.296
WARNING: Number of threads seems too high for short alignments. Use -T AUTO to determine best number of threads.
821  MTMET+F+R4    25830.002    224 52108.005    53470.167    52936.904
WARNING: Number of threads seems too high for short alignments. Use -T AUTO to determine best number of threads.
830  MTMET+F+I+R4  25827.046    225 52104.091    53497.242    52936.691
WARNING: Number of threads seems too high for short alignments. Use -T AUTO to determine best number of threads.
839  MTVER+G4      26661.981    200 53723.961    54544.369    54464.050
WARNING: Number of threads seems too high for short alignments. Use -T AUTO to determine best number of threads.
840  MTVER+I+G4    26661.956    201 53725.911    54563.066    54469.700
WARNING: Number of threads seems too high for short alignments. Use -T AUTO to determine best number of threads.
843  MTVER+R4      26642.294    205 53694.587    54602.759    54453.178
WARNING: Number of threads seems too high for short alignments. Use -T AUTO to determine best number of threads.
852  MTVER+I+R4    26642.155    206 53696.309    54623.309    54458.601
WARNING: Number of threads seems too high for short alignments. Use -T AUTO to determine best number of threads.
861  MTVER+F+G4    26111.192    219 52660.384    53880.131    53470.782
WARNING: Number of threads seems too high for short alignments. Use -T AUTO to determine best number of threads.
862  MTVER+F+I+G4  26109.025    220 52658.050    53904.717    53472.148
WARNING: Number of threads seems too high for short alignments. Use -T AUTO to determine best number of threads.
865  MTVER+F+R4    26096.429    224 52640.858    54003.021    53469.758
WARNING: Number of threads seems too high for short alignments. Use -T AUTO to determine best number of threads.
874  MTVER+F+I+R4  26094.211    225 52638.423    54031.574    53471.023
WARNING: Number of threads seems too high for short alignments. Use -T AUTO to determine best number of threads.
883  MTINV+G4      26574.310    200 53548.620    54369.028    54288.709
WARNING: Number of threads seems too high for short alignments. Use -T AUTO to determine best number of threads.
884  MTINV+I+G4    26572.343    201 53546.687    54383.842    54290.476
WARNING: Number of threads seems too high for short alignments. Use -T AUTO to determine best number of threads.
887  MTINV+R4      26563.660    205 53537.320    54445.492    54295.911
WARNING: Number of threads seems too high for short alignments. Use -T AUTO to determine best number of threads.
896  MTINV+I+R4    26561.586    206 53535.171    54462.171    54297.463
WARNING: Number of threads seems too high for short alignments. Use -T AUTO to determine best number of threads.
905  MTINV+F+G4    25684.964    219 51807.929    53027.676    52618.326
WARNING: Number of threads seems too high for short alignments. Use -T AUTO to determine best number of threads.
906  MTINV+F+I+G4  25680.454    220 51800.908    53047.575    52615.006
WARNING: Number of threads seems too high for short alignments. Use -T AUTO to determine best number of threads.
909  MTINV+F+R4    25670.142    224 51788.285    53150.447    52617.184
WARNING: Number of threads seems too high for short alignments. Use -T AUTO to determine best number of threads.
918  MTINV+F+I+R4  25666.225    225 51782.451    53175.601    52615.051
WARNING: Number of threads seems too high for short alignments. Use -T AUTO to determine best number of threads.
927  MTMAM+G4      26974.008    200 54348.016    55168.424    55088.105
WARNING: Number of threads seems too high for short alignments. Use -T AUTO to determine best number of threads.
928  MTMAM+I+G4    26973.996    201 54349.993    55187.147    55093.782
WARNING: Number of threads seems too high for short alignments. Use -T AUTO to determine best number of threads.
931  MTMAM+R4      26960.693    205 54331.386    55239.558    55089.977
WARNING: Number of threads seems too high for short alignments. Use -T AUTO to determine best number of threads.
940  MTMAM+I+R4    26960.287    206 54332.574    55259.574    55094.865
WARNING: Number of threads seems too high for short alignments. Use -T AUTO to determine best number of threads.
949  MTMAM+F+G4    26293.301    219 53024.602    54244.349    53834.999
WARNING: Number of threads seems too high for short alignments. Use -T AUTO to determine best number of threads.
950  MTMAM+F+I+G4  26293.290    220 53026.580    54273.247    53840.678
WARNING: Number of threads seems too high for short alignments. Use -T AUTO to determine best number of threads.
953  MTMAM+F+R4    26282.750    224 53013.501    54375.663    53842.400
WARNING: Number of threads seems too high for short alignments. Use -T AUTO to determine best number of threads.
962  MTMAM+F+I+R4  26282.744    225 53015.489    54408.639    53848.089
WARNING: Number of threads seems too high for short alignments. Use -T AUTO to determine best number of threads.
971  FLAVI+G4      26428.894    200 53257.787    54078.196    53997.876
WARNING: Number of threads seems too high for short alignments. Use -T AUTO to determine best number of threads.
972  FLAVI+I+G4    26428.866    201 53259.732    54096.886    54003.521
WARNING: Number of threads seems too high for short alignments. Use -T AUTO to determine best number of threads.
975  FLAVI+R4      26410.955    205 53231.910    54140.082    53990.501
WARNING: Number of threads seems too high for short alignments. Use -T AUTO to determine best number of threads.
984  FLAVI+I+R4    26409.778    206 53231.557    54158.557    53993.848
WARNING: Number of threads seems too high for short alignments. Use -T AUTO to determine best number of threads.
993  FLAVI+F+G4    26444.892    219 53327.785    54547.532    54138.182
WARNING: Number of threads seems too high for short alignments. Use -T AUTO to determine best number of threads.
994  FLAVI+F+I+G4  26444.874    220 53329.749    54576.415    54143.846
WARNING: Number of threads seems too high for short alignments. Use -T AUTO to determine best number of threads.
997  FLAVI+F+R4    26429.741    224 53307.482    54669.644    54136.381
WARNING: Number of threads seems too high for short alignments. Use -T AUTO to determine best number of threads.
1006  FLAVI+F+I+R4  26429.195    225 53308.391    54701.541    54140.990
WARNING: Number of threads seems too high for short alignments. Use -T AUTO to determine best number of threads.
1015  HIVB+G4       26018.234    200 52436.467    53256.875    53176.556
WARNING: Number of threads seems too high for short alignments. Use -T AUTO to determine best number of threads.
1016  HIVB+I+G4     26013.117    201 52428.233    53265.388    53172.022
WARNING: Number of threads seems too high for short alignments. Use -T AUTO to determine best number of threads.
1019  HIVB+R4       26002.161    205 52414.322    53322.494    53172.913
WARNING: Number of threads seems too high for short alignments. Use -T AUTO to determine best number of threads.
1028  HIVB+I+R4     25998.220    206 52408.439    53335.439    53170.730
WARNING: Number of threads seems too high for short alignments. Use -T AUTO to determine best number of threads.
1037  HIVB+F+G4     26004.716    219 52447.431    53667.178    53257.829
WARNING: Number of threads seems too high for short alignments. Use -T AUTO to determine best number of threads.
1038  HIVB+F+I+G4   26001.963    220 52443.927    53690.593    53258.024
WARNING: Number of threads seems too high for short alignments. Use -T AUTO to determine best number of threads.
1041  HIVB+F+R4     25991.561    224 52431.121    53793.283    53260.021
WARNING: Number of threads seems too high for short alignments. Use -T AUTO to determine best number of threads.
1050  HIVB+F+I+R4   25988.877    225 52427.753    53820.904    53260.353
WARNING: Number of threads seems too high for short alignments. Use -T AUTO to determine best number of threads.
1059  HIVW+G4       26821.392    200 54042.784    54863.192    54782.873
WARNING: Number of threads seems too high for short alignments. Use -T AUTO to determine best number of threads.
1060  HIVW+I+G4     26811.316    201 54024.632    54861.786    54768.421
WARNING: Number of threads seems too high for short alignments. Use -T AUTO to determine best number of threads.
1063  HIVW+R4       26805.202    205 54020.405    54928.577    54778.996
WARNING: Number of threads seems too high for short alignments. Use -T AUTO to determine best number of threads.
1072  HIVW+I+R4     26797.930    206 54007.859    54934.859    54770.151
WARNING: Number of threads seems too high for short alignments. Use -T AUTO to determine best number of threads.
1081  HIVW+F+G4     26599.018    219 53636.036    54855.783    54446.433
WARNING: Number of threads seems too high for short alignments. Use -T AUTO to determine best number of threads.
1082  HIVW+F+I+G4   26591.492    220 53622.984    54869.650    54437.081
WARNING: Number of threads seems too high for short alignments. Use -T AUTO to determine best number of threads.
1085  HIVW+F+R4     26579.471    224 53606.941    54969.103    54435.841
WARNING: Number of threads seems too high for short alignments. Use -T AUTO to determine best number of threads.
1094  HIVW+F+I+R4   26573.699    225 53597.399    54990.549    54429.999
WARNING: Number of threads seems too high for short alignments. Use -T AUTO to determine best number of threads.
1103  FLU+G4        25657.074    200 51714.147    52534.555    52454.236
WARNING: Number of threads seems too high for short alignments. Use -T AUTO to determine best number of threads.
1104  FLU+I+G4      25653.610    201 51709.220    52546.374    52453.009
WARNING: Number of threads seems too high for short alignments. Use -T AUTO to determine best number of threads.
1107  FLU+R4        25645.875    205 51701.750    52609.922    52460.341
WARNING: Number of threads seems too high for short alignments. Use -T AUTO to determine best number of threads.
1116  FLU+I+R4      25642.451    206 51696.902    52623.902    52459.193
WARNING: Number of threads seems too high for short alignments. Use -T AUTO to determine best number of threads.
1125  FLU+F+G4      25660.875    219 51759.751    52979.498    52570.148
WARNING: Number of threads seems too high for short alignments. Use -T AUTO to determine best number of threads.
1126  FLU+F+I+G4    25658.568    220 51757.135    53003.802    52571.233
WARNING: Number of threads seems too high for short alignments. Use -T AUTO to determine best number of threads.
1129  FLU+F+R4      25652.352    224 51752.703    53114.865    52581.603
WARNING: Number of threads seems too high for short alignments. Use -T AUTO to determine best number of threads.
1138  FLU+F+I+R4    25650.102    225 51750.205    53143.355    52582.804
WARNING: Number of threads seems too high for short alignments. Use -T AUTO to determine best number of threads.
1147  RTREV+G4      25402.659    200 51205.319    52025.727    51945.408
WARNING: Number of threads seems too high for short alignments. Use -T AUTO to determine best number of threads.
1148  RTREV+I+G4    25402.171    201 51206.341    52043.496    51950.131
WARNING: Number of threads seems too high for short alignments. Use -T AUTO to determine best number of threads.
1151  RTREV+R4      25393.135    205 51196.269    52104.441    51954.860
WARNING: Number of threads seems too high for short alignments. Use -T AUTO to determine best number of threads.
1160  RTREV+I+R4    25392.711    206 51197.422    52124.422    51959.713
WARNING: Number of threads seems too high for short alignments. Use -T AUTO to determine best number of threads.
1169  RTREV+F+G4    25407.288    219 51252.576    52472.323    52062.973
WARNING: Number of threads seems too high for short alignments. Use -T AUTO to determine best number of threads.
1170  RTREV+F+I+G4  25406.427    220 51252.854    52499.520    52066.951
WARNING: Number of threads seems too high for short alignments. Use -T AUTO to determine best number of threads.
1173  RTREV+F+R4    25401.206    224 51250.411    52612.574    52079.311
WARNING: Number of threads seems too high for short alignments. Use -T AUTO to determine best number of threads.
1182  RTREV+F+I+R4  25400.348    225 51250.696    52643.847    52083.296
WARNING: Number of threads seems too high for short alignments. Use -T AUTO to determine best number of threads.
1191  CPREV+G4      25258.372    200 50916.744    51737.152    51656.833
WARNING: Number of threads seems too high for short alignments. Use -T AUTO to determine best number of threads.
1192  CPREV+I+G4    25257.741    201 50917.481    51754.636    51661.271
WARNING: Number of threads seems too high for short alignments. Use -T AUTO to determine best number of threads.
1195  CPREV+R4      25241.389    205 50892.777    51800.950    51651.368
WARNING: Number of threads seems too high for short alignments. Use -T AUTO to determine best number of threads.
1204  CPREV+I+R4    25240.761    206 50893.523    51820.523    51655.814
WARNING: Number of threads seems too high for short alignments. Use -T AUTO to determine best number of threads.
1213  CPREV+F+G4    25290.440    219 51018.880    52238.627    51829.277
WARNING: Number of threads seems too high for short alignments. Use -T AUTO to determine best number of threads.
1214  CPREV+F+I+G4  25289.695    220 51019.390    52266.056    51833.487
WARNING: Number of threads seems too high for short alignments. Use -T AUTO to determine best number of threads.
1217  CPREV+F+R4    25277.203    224 51002.406    52364.568    51831.305
WARNING: Number of threads seems too high for short alignments. Use -T AUTO to determine best number of threads.
1226  CPREV+F+I+R4  25276.487    225 51002.973    52396.124    51835.573
Akaike Information Criterion:           Q.PFAM+I+R4
Corrected Akaike Information Criterion: Q.PFAM+G4
Bayesian Information Criterion:         Q.PFAM+G4
Best-fit model: Q.PFAM+G4 chosen according to BIC

All model information printed to M23_iqtree_v2.model.gz
CPU time for ModelFinder: 941.901 seconds (0h:15m:41s)
Wall-clock time for ModelFinder: 60.077 seconds (0h:1m:0s)
Generating 1000 samples for ultrafast bootstrap (seed: 635803)...

NOTE: 21 MB RAM (0 GB) is required!
WARNING: Number of threads seems too high for short alignments. Use -T AUTO to determine best number of threads.
Estimate model parameters (epsilon = 0.100)
1. Initial log-likelihood: -25182.524
2. Current log-likelihood: -25171.743
3. Current log-likelihood: -25170.794
Optimal log-likelihood: -25170.636
Gamma shape alpha: 1.628
Parameters optimization took 3 rounds (0.135 sec)
Wrote distance file to... 
Computing ML distances based on estimated model parameters...
Calculating distance matrix: done in 0.0416979 secs using 1601% CPU
Computing ML distances took 0.041759 sec (of wall-clock time) 0.667752 sec (of CPU time)
WARNING: Some pairwise ML distances are too long (saturated)
Setting up auxiliary I and S matrices: done in 0.000564934 secs using 231.2% CPU
Constructing RapidNJ tree: done in 0.126372 secs using 71.52% CPU
Computing RapidNJ tree took 0.127037 sec (of wall-clock time) 0.091811 sec (of CPU time)
Log-likelihood of RapidNJ tree: -25216.052
--------------------------------------------------------------------
|             INITIALIZING CANDIDATE TREE SET                      |
--------------------------------------------------------------------
Generating 98 parsimony trees... 1.465 second
Computing log-likelihood of 98 initial trees ... 1.816 seconds
Current best score: -25170.636

Do NNI search on 20 best initial trees
Estimate model parameters (epsilon = 0.100)
BETTER TREE FOUND at iteration 1: -25167.576
Estimate model parameters (epsilon = 0.100)
BETTER TREE FOUND at iteration 2: -25165.759
Iteration 10 / LogL: -25179.243 / Time: 0h:1m:13s
Estimate model parameters (epsilon = 0.100)
BETTER TREE FOUND at iteration 12: -25164.745
Iteration 20 / LogL: -25181.580 / Time: 0h:1m:20s
Finish initializing candidate tree set (20)
Current best tree score: -25164.745 / CPU time: 17.922
Number of iterations: 20
--------------------------------------------------------------------
|               OPTIMIZING CANDIDATE TREE SET                      |
--------------------------------------------------------------------
Estimate model parameters (epsilon = 0.100)
BETTER TREE FOUND at iteration 28: -25161.182
Iteration 30 / LogL: -25168.235 / Time: 0h:1m:28s (0h:1m:34s left)
Estimate model parameters (epsilon = 0.100)
BETTER TREE FOUND at iteration 39: -25158.873
Iteration 40 / LogL: -25163.093 / Time: 0h:1m:35s (0h:1m:29s left)
Estimate model parameters (epsilon = 0.100)
BETTER TREE FOUND at iteration 45: -25157.650
Estimate model parameters (epsilon = 0.100)
BETTER TREE FOUND at iteration 46: -25156.460
Iteration 50 / LogL: -25160.046 / Time: 0h:1m:42s (0h:1m:23s left)
Log-likelihood cutoff on original alignment: -25210.442
Estimate model parameters (epsilon = 0.100)
BETTER TREE FOUND at iteration 53: -25154.881
Estimate model parameters (epsilon = 0.100)
BETTER TREE FOUND at iteration 57: -25154.632
Iteration 60 / LogL: -25156.352 / Time: 0h:1m:49s (0h:1m:21s left)
Iteration 70 / LogL: -25154.793 / Time: 0h:1m:56s (0h:1m:11s left)
Estimate model parameters (epsilon = 0.100)
BETTER TREE FOUND at iteration 80: -25153.511
Iteration 80 / LogL: -25153.511 / Time: 0h:2m:2s (0h:1m:19s left)
BETTER TREE FOUND at iteration 82: -25153.511
BETTER TREE FOUND at iteration 89: -25153.510
Estimate model parameters (epsilon = 0.100)
BETTER TREE FOUND at iteration 90: -25153.461
Iteration 90 / LogL: -25153.461 / Time: 0h:2m:9s (0h:1m:18s left)
Iteration 100 / LogL: -25153.502 / Time: 0h:2m:17s (0h:1m:9s left)
Log-likelihood cutoff on original alignment: -25206.681
NOTE: Bootstrap correlation coefficient of split occurrence frequencies: 0.989
NOTE: UFBoot does not converge, continue at least 100 more iterations
Estimate model parameters (epsilon = 0.100)
BETTER TREE FOUND at iteration 107: -25151.798
Iteration 110 / LogL: -25171.339 / Time: 0h:2m:24s (0h:1m:14s left)
Iteration 120 / LogL: -25190.257 / Time: 0h:2m:30s (0h:1m:6s left)
Iteration 130 / LogL: -25153.752 / Time: 0h:2m:37s (0h:0m:57s left)
Estimate model parameters (epsilon = 0.100)
BETTER TREE FOUND at iteration 134: -25151.754
Iteration 140 / LogL: -25151.804 / Time: 0h:2m:43s (0h:1m:10s left)
Estimate model parameters (epsilon = 0.100)
BETTER TREE FOUND at iteration 142: -25150.795
Estimate model parameters (epsilon = 0.100)
UPDATE BEST LOG-LIKELIHOOD: -25150.746
Iteration 150 / LogL: -25154.101 / Time: 0h:2m:50s (0h:1m:8s left)
Log-likelihood cutoff on original alignment: -25206.681
Iteration 160 / LogL: -25151.821 / Time: 0h:2m:57s (0h:1m:0s left)
Iteration 170 / LogL: -25151.786 / Time: 0h:3m:3s (0h:0m:52s left)
Iteration 180 / LogL: -25152.869 / Time: 0h:3m:10s (0h:0m:45s left)
Iteration 190 / LogL: -25153.818 / Time: 0h:3m:17s (0h:0m:37s left)
Iteration 200 / LogL: -25157.954 / Time: 0h:3m:24s (0h:0m:30s left)
Log-likelihood cutoff on original alignment: -25207.282
NOTE: Bootstrap correlation coefficient of split occurrence frequencies: 0.997
Iteration 210 / LogL: -25153.880 / Time: 0h:3m:30s (0h:1m:4s left)
Iteration 220 / LogL: -25161.218 / Time: 0h:3m:37s (0h:0m:57s left)
Iteration 230 / LogL: -25161.114 / Time: 0h:3m:44s (0h:0m:50s left)
Estimate model parameters (epsilon = 0.100)
BETTER TREE FOUND at iteration 233: -25150.296
Estimate model parameters (epsilon = 0.100)
BETTER TREE FOUND at iteration 239: -25150.143
Iteration 240 / LogL: -25154.109 / Time: 0h:3m:50s (0h:1m:10s left)
BETTER TREE FOUND at iteration 244: -25150.142
Estimate model parameters (epsilon = 0.100)
BETTER TREE FOUND at iteration 246: -25149.172
Estimate model parameters (epsilon = 0.100)
BETTER TREE FOUND at iteration 249: -25149.032
Iteration 250 / LogL: -25150.288 / Time: 0h:3m:57s (0h:1m:10s left)
Log-likelihood cutoff on original alignment: -25206.681
Iteration 260 / LogL: -25156.202 / Time: 0h:4m:4s (0h:1m:3s left)
BETTER TREE FOUND at iteration 270: -25149.030
Iteration 270 / LogL: -25149.030 / Time: 0h:4m:11s (0h:1m:10s left)
Estimate model parameters (epsilon = 0.100)
BETTER TREE FOUND at iteration 277: -25148.989
Iteration 280 / LogL: -25157.803 / Time: 0h:4m:17s (0h:1m:8s left)
Iteration 290 / LogL: -25155.541 / Time: 0h:4m:24s (0h:1m:1s left)
UPDATE BEST LOG-LIKELIHOOD: -25148.989
Iteration 300 / LogL: -25156.496 / Time: 0h:4m:30s (0h:0m:54s left)
Log-likelihood cutoff on original alignment: -25206.681
NOTE: Bootstrap correlation coefficient of split occurrence frequencies: 0.987
NOTE: UFBoot does not converge, continue at least 100 more iterations
Iteration 310 / LogL: -25160.233 / Time: 0h:4m:37s (0h:1m:3s left)
Iteration 320 / LogL: -25173.872 / Time: 0h:4m:44s (0h:0m:56s left)
Iteration 330 / LogL: -25151.642 / Time: 0h:4m:51s (0h:0m:49s left)
Iteration 340 / LogL: -25152.126 / Time: 0h:4m:58s (0h:0m:42s left)
Iteration 350 / LogL: -25156.356 / Time: 0h:5m:4s (0h:0m:35s left)
Log-likelihood cutoff on original alignment: -25206.681
Iteration 360 / LogL: -25155.097 / Time: 0h:5m:11s (0h:0m:28s left)
Iteration 370 / LogL: -25149.171 / Time: 0h:5m:18s (0h:0m:20s left)
Iteration 380 / LogL: -25149.147 / Time: 0h:5m:25s (0h:0m:13s left)
Iteration 390 / LogL: -25159.945 / Time: 0h:5m:32s (0h:0m:7s left)
Iteration 400 / LogL: -25168.294 / Time: 0h:5m:38s (0h:0m:0s left)
Log-likelihood cutoff on original alignment: -25206.681
NOTE: Bootstrap correlation coefficient of split occurrence frequencies: 0.982
NOTE: UFBoot does not converge, continue at least 100 more iterations
Iteration 410 / LogL: -25152.290 / Time: 0h:5m:45s (0h:1m:2s left)
Iteration 420 / LogL: -25150.563 / Time: 0h:5m:52s (0h:0m:55s left)
Iteration 430 / LogL: -25169.240 / Time: 0h:5m:59s (0h:0m:48s left)
Estimate model parameters (epsilon = 0.100)
BETTER TREE FOUND at iteration 433: -25146.750
Iteration 440 / LogL: -25148.991 / Time: 0h:6m:5s (0h:1m:4s left)
Iteration 450 / LogL: -25158.496 / Time: 0h:6m:12s (0h:0m:57s left)
Log-likelihood cutoff on original alignment: -25206.681
Iteration 460 / LogL: -25148.989 / Time: 0h:6m:19s (0h:0m:50s left)
Iteration 470 / LogL: -25153.367 / Time: 0h:6m:25s (0h:0m:43s left)
Iteration 480 / LogL: -25167.080 / Time: 0h:6m:32s (0h:0m:36s left)
Estimate model parameters (epsilon = 0.100)
BETTER TREE FOUND at iteration 485: -25146.622
Iteration 490 / LogL: -25156.870 / Time: 0h:6m:39s (0h:1m:5s left)
Iteration 500 / LogL: -25148.303 / Time: 0h:6m:46s (0h:0m:59s left)
Log-likelihood cutoff on original alignment: -25206.681
NOTE: Bootstrap correlation coefficient of split occurrence frequencies: 0.986
NOTE: UFBoot does not converge, continue at least 100 more iterations
Iteration 510 / LogL: -25147.029 / Time: 0h:6m:53s (0h:1m:2s left)
Iteration 520 / LogL: -25166.941 / Time: 0h:7m:0s (0h:0m:55s left)
Iteration 530 / LogL: -25155.217 / Time: 0h:7m:7s (0h:0m:48s left)
UPDATE BEST LOG-LIKELIHOOD: -25146.622
Iteration 540 / LogL: -25174.515 / Time: 0h:7m:14s (0h:0m:41s left)
Estimate model parameters (epsilon = 0.100)
BETTER TREE FOUND at iteration 541: -25146.589
Iteration 550 / LogL: -25153.537 / Time: 0h:7m:21s (0h:1m:3s left)
Log-likelihood cutoff on original alignment: -25206.681
Iteration 560 / LogL: -25146.746 / Time: 0h:7m:28s (0h:0m:56s left)
Iteration 570 / LogL: -25149.526 / Time: 0h:7m:34s (0h:0m:49s left)
UPDATE BEST LOG-LIKELIHOOD: -25146.589
Iteration 580 / LogL: -25146.589 / Time: 0h:7m:41s (0h:0m:42s left)
Iteration 590 / LogL: -25148.776 / Time: 0h:7m:48s (0h:0m:35s left)
Iteration 600 / LogL: -25147.961 / Time: 0h:7m:54s (0h:0m:28s left)
Log-likelihood cutoff on original alignment: -25206.681
NOTE: Bootstrap correlation coefficient of split occurrence frequencies: 0.988
NOTE: UFBoot does not converge, continue at least 100 more iterations
Estimate model parameters (epsilon = 0.100)
BETTER TREE FOUND at iteration 606: -25144.315
Iteration 610 / LogL: -25144.323 / Time: 0h:8m:1s (0h:1m:6s left)
Iteration 620 / LogL: -25160.552 / Time: 0h:8m:16s (0h:1m:0s left)
Iteration 630 / LogL: -25168.979 / Time: 0h:8m:23s (0h:0m:53s left)
Iteration 640 / LogL: -25145.689 / Time: 0h:8m:29s (0h:0m:46s left)
Iteration 650 / LogL: -25148.444 / Time: 0h:8m:36s (0h:0m:39s left)
Log-likelihood cutoff on original alignment: -25206.681
Estimate model parameters (epsilon = 0.100)
UPDATE BEST LOG-LIKELIHOOD: -25144.295
Iteration 660 / LogL: -25144.296 / Time: 0h:8m:42s (0h:0m:32s left)
Iteration 670 / LogL: -25146.382 / Time: 0h:8m:49s (0h:0m:25s left)
Iteration 680 / LogL: -25144.334 / Time: 0h:8m:56s (0h:0m:18s left)
Iteration 690 / LogL: -25166.706 / Time: 0h:9m:2s (0h:0m:11s left)
Iteration 700 / LogL: -25150.770 / Time: 0h:9m:10s (0h:0m:4s left)
Log-likelihood cutoff on original alignment: -25206.681
NOTE: Bootstrap correlation coefficient of split occurrence frequencies: 0.977
NOTE: UFBoot does not converge, continue at least 100 more iterations
UPDATE BEST LOG-LIKELIHOOD: -25144.287
Iteration 710 / LogL: -25144.335 / Time: 0h:9m:17s (0h:1m:3s left)
Iteration 720 / LogL: -25156.261 / Time: 0h:9m:24s (0h:0m:56s left)
Iteration 730 / LogL: -25145.946 / Time: 0h:9m:30s (0h:0m:49s left)
Iteration 740 / LogL: -25144.341 / Time: 0h:9m:36s (0h:0m:41s left)
Iteration 750 / LogL: -25222.917 / Time: 0h:9m:43s (0h:0m:34s left)
Log-likelihood cutoff on original alignment: -25206.681
Iteration 760 / LogL: -25144.297 / Time: 0h:9m:50s (0h:0m:27s left)
Iteration 770 / LogL: -25167.871 / Time: 0h:9m:57s (0h:0m:20s left)
Iteration 780 / LogL: -25162.054 / Time: 0h:10m:3s (0h:0m:13s left)
Iteration 790 / LogL: -25144.341 / Time: 0h:10m:10s (0h:0m:6s left)
Iteration 800 / LogL: -25165.930 / Time: 0h:10m:17s (0h:0m:0s left)
Log-likelihood cutoff on original alignment: -25206.681
NOTE: Bootstrap correlation coefficient of split occurrence frequencies: 0.973
NOTE: UFBoot does not converge, continue at least 100 more iterations
Iteration 810 / LogL: -25144.347 / Time: 0h:10m:23s (0h:1m:2s left)
Iteration 820 / LogL: -25146.726 / Time: 0h:10m:30s (0h:0m:55s left)
Iteration 830 / LogL: -25162.315 / Time: 0h:10m:37s (0h:0m:48s left)
Iteration 840 / LogL: -25144.341 / Time: 0h:10m:44s (0h:0m:41s left)
Iteration 850 / LogL: -25149.258 / Time: 0h:10m:50s (0h:0m:34s left)
Log-likelihood cutoff on original alignment: -25206.681
Iteration 860 / LogL: -25148.866 / Time: 0h:10m:58s (0h:0m:27s left)
Iteration 870 / LogL: -25150.193 / Time: 0h:11m:5s (0h:0m:20s left)
Iteration 880 / LogL: -25147.071 / Time: 0h:11m:12s (0h:0m:13s left)
Iteration 890 / LogL: -25153.959 / Time: 0h:11m:19s (0h:0m:6s left)
Iteration 900 / LogL: -25150.203 / Time: 0h:11m:26s (0h:0m:0s left)
Log-likelihood cutoff on original alignment: -25206.681
NOTE: Bootstrap correlation coefficient of split occurrence frequencies: 0.972
NOTE: UFBoot does not converge, continue at least 100 more iterations
Iteration 910 / LogL: -25144.297 / Time: 0h:11m:33s (0h:1m:2s left)
Iteration 920 / LogL: -25146.413 / Time: 0h:11m:40s (0h:0m:55s left)
Iteration 930 / LogL: -25152.412 / Time: 0h:11m:46s (0h:0m:48s left)
Iteration 940 / LogL: -25150.509 / Time: 0h:11m:53s (0h:0m:41s left)
Iteration 950 / LogL: -25149.635 / Time: 0h:12m:0s (0h:0m:34s left)
Log-likelihood cutoff on original alignment: -25206.681
Iteration 960 / LogL: -25148.346 / Time: 0h:12m:7s (0h:0m:27s left)
Iteration 970 / LogL: -25144.338 / Time: 0h:12m:14s (0h:0m:20s left)
Iteration 980 / LogL: -25180.922 / Time: 0h:12m:21s (0h:0m:13s left)
Iteration 990 / LogL: -25144.335 / Time: 0h:12m:28s (0h:0m:6s left)
Iteration 1000 / LogL: -25154.182 / Time: 0h:12m:35s (0h:0m:0s left)
Log-likelihood cutoff on original alignment: -25206.681
NOTE: Bootstrap correlation coefficient of split occurrence frequencies: 0.977
NOTE: UFBoot does not converge, continue at least 100 more iterations
WARNING: bootstrap analysis did not converge. You should rerun with higher number of iterations (-nm option)
TREE SEARCH COMPLETED AFTER 1001 ITERATIONS / Time: 0h:12m:36s

--------------------------------------------------------------------
|                    FINALIZING TREE SEARCH                        |
--------------------------------------------------------------------
Performs final model parameters optimization
Estimate model parameters (epsilon = 0.010)
1. Initial log-likelihood: -25144.287
Optimal log-likelihood: -25144.286
Gamma shape alpha: 1.619
Parameters optimization took 1 rounds (0.030 sec)
BEST SCORE FOUND : -25144.286

Testing tree branches by SH-like aLRT with 1000 replicates...
0.094 sec.
Creating bootstrap support values...
Split supports printed to NEXUS file M23_iqtree_v2.splits.nex
Total tree length: 74.212

Total number of iterations: 1001
CPU time used for tree search: 10788.249 sec (2h:59m:48s)
Wall-clock time used for tree search: 693.446 sec (0h:11m:33s)
Total CPU time used: 11766.157 sec (3h:16m:6s)
Total wall-clock time used: 756.359 sec (0h:12m:36s)

Computing bootstrap consensus tree...
Reading input file M23_iqtree_v2.splits.nex...
101 taxa and 1260 splits.
Consensus tree written to M23_iqtree_v2.contree
Reading input trees file M23_iqtree_v2.contree
Log-likelihood of consensus tree: -25144.571

Analysis results written to: 
  IQ-TREE report:                M23_iqtree_v2.iqtree
  Maximum-likelihood tree:       M23_iqtree_v2.treefile
  Likelihood distances:          M23_iqtree_v2.mldist

Ultrafast bootstrap approximation results written to:
  Split support values:          M23_iqtree_v2.splits.nex
  Consensus tree:                M23_iqtree_v2.contree
  Screen log file:               M23_iqtree_v2.log

Date and Time: Sun May 17 17:33:53 2026
