IQ-TREE version 3.1.1 for Linux x86 64-bit built Apr  8 2026
Developed by Bui Quang Minh, Thomas Wong, Nhan Ly-Trong, Huaiyan Ren
Contributed by Lam-Tung Nguyen, Dominik Schrempf, Chris Bielow,
Olga Chernomor, Michael Woodhams, Diep Thi Hoang, Heiko Schmidt

Host:    cn604-16 (AVX512, FMA3, 755 GB RAM)
Command: iqtree -s M23_aln_trim.fasta -m MFP -bb 1000 -alrt 1000 -nt 16 -pre M23_iqtree -redo
Seed:    605795 (Using SPRNG - Scalable Parallel Random Number Generator)
Time:    Sun May 17 12:00:26 2026
Kernel:  AVX+FMA - 16 threads (16 CPU cores detected)

Reading alignment file M23_aln_trim.fasta ... Fasta format detected
Reading fasta file: done in 0.00343295 secs using 6.146% CPU
Alignment most likely contains protein sequences
Constructing alignment: done in 0.000282718 secs using 64.73% CPU
Alignment has 87 sequences with 344 columns, 344 distinct patterns
316 parsimony-informative, 27 singleton sites, 1 constant sites
                                                Gap/Ambiguity  Composition  p-value
Analyzing sequences: done in 1.34909e-05 secs using 51.89% CPU
   1  PL25_M23                                          0.58%    passed     62.76%
   2  REF_Lysostaphin_Staphylococcus_simulans_P10547   17.73%    failed      0.00%
   3  REF_LytM_Staphylococcus_aureus_O33599            19.48%    failed      0.00%
   4  REF_ALE-1_Staphylococcus_capitis_Q47728          36.34%    failed      0.00%
   5  REF_CwlT_ICEBs1_Bacillus_subtilis_O32008         30.23%    failed      0.13%
   6  REF_ZoocinA_Streptococcus_zooepidemicus_O54309   27.33%    failed      0.27%
   7  REF_EnpA_Enterococcus_faecalis_prophage_E1V3I0   54.65%    failed      0.00%
   8  WP_047980627.1                                    0.00%    passed     68.69%
   9  WP_066194568.1                                    3.20%    failed      3.17%
  10  WP_163578527.1                                    1.74%    passed     94.10%
  11  WP_343191776.1                                    5.23%    passed     72.53%
  12  WP_269919978.1                                    5.23%    passed     78.38%
  13  WP_227092181.1                                    5.23%    passed     75.99%
  14  WP_324225084.1                                    1.16%    passed     43.63%
  15  WP_176447356.1                                    1.16%    passed     64.84%
  16  WP_461177648.1                                    1.16%    passed     65.83%
  17  WP_390274409.1                                    0.87%    passed     19.76%
  18  WP_068441797.1                                    1.16%    passed     78.00%
  19  WP_390303499.1                                    0.87%    passed     13.37%
  20  WP_138600556.1                                    1.45%    passed     99.25%
  21  WP_382391954.1                                    1.45%    passed     90.57%
  22  WP_138600713.1                                    1.45%    passed     82.20%
  23  WP_082220163.1                                    3.20%    passed     97.61%
  24  WP_046176727.1                                    3.20%    passed     99.67%
  25  WP_394237463.1                                    1.16%    passed     55.84%
  26  WP_251274384.1                                    3.20%    passed     96.94%
  27  WP_097074628.1                                    1.74%    passed     72.57%
  28  MER1987475.1                                      1.74%    passed     99.51%
  29  WP_464380148.1                                    2.91%    passed     24.59%
  30  WP_443121293.1                                    0.87%    passed     64.03%
  31  WP_391374839.1                                    1.74%    passed     96.69%
  32  WP_380771496.1                                    1.16%    passed     76.12%
  33  WP_144460345.1                                    1.16%    passed     78.96%
  34  WP_052400764.1                                    2.03%    passed     19.76%
  35  WP_340833285.1                                    2.62%    passed     77.41%
  36  WP_415778640.1                                    2.91%    passed     62.51%
  37  WP_440440272.1                                    0.58%    passed     79.28%
  38  WP_453509148.1                                    4.36%    passed     85.39%
  39  WP_392723777.1                                    0.58%    passed     82.27%
  40  WP_379165135.1                                    2.91%    passed     85.15%
  41  WP_181473872.1                                    3.49%    passed     66.67%
  42  WP_243292829.1                                    2.03%    passed     82.33%
  43  EGL15072.1                                        4.07%    passed     95.04%
  44  WP_231392196.1                                    3.20%    passed     93.60%
  45  WP_213429141.1                                    3.49%    passed     74.75%
  46  MCC4313474.1                                      5.23%    passed     53.04%
  47  WP_413242722.1                                    4.36%    failed      1.06%
  48  WP_229252482.1                                    5.23%    passed     53.04%
  49  WP_082231923.1                                    2.33%    passed     97.42%
  50  WP_144625337.1                                    0.58%    passed     89.53%
  51  WP_341115568.1                                    5.23%    passed     51.26%
  52  WP_173918989.1                                    2.62%    passed     93.68%
  53  MBD7939652.1                                      5.23%    passed     89.35%
  54  WP_336766092.1                                    0.58%    passed     83.65%
  55  WP_459286492.1                                    0.87%    passed     72.78%
  56  WP_337035791.1                                    0.58%    passed     69.62%
  57  WP_225230805.1                                    0.29%    passed     78.69%
  58  WP_193065424.1                                    2.03%    passed     55.76%
  59  WP_253500519.1                                    0.58%    passed     79.82%
  60  WP_090905445.1                                    0.58%    passed     89.99%
  61  KMM61068.1                                        1.45%    passed     98.20%
  62  WP_218047977.1                                    0.29%    passed     94.56%
  63  WP_172691963.1                                    0.29%    passed     93.68%
  64  WP_326068009.1                                    0.29%    passed     94.33%
  65  WP_268348884.1                                    0.29%    passed     94.52%
  66  WP_017474141.1                                    0.29%    passed     93.12%
  67  WP_268346717.1                                    0.29%    passed     94.52%
  68  WP_251647350.1                                    2.03%    passed     71.87%
  69  WP_268412158.1                                    0.29%    passed     95.10%
  70  AYC54099.1                                        6.40%    passed     91.26%
  71  WP_017815158.1                                    1.45%    passed     98.04%
  72  WP_019688376.1                                    1.74%    passed     49.00%
  73  WP_126666970.1                                    1.74%    passed     35.33%
  74  WP_326243746.1                                    0.58%    passed     89.52%
  75  WP_342437610.1                                    7.27%    passed     40.96%
  76  WP_330721863.1                                    1.74%    passed     53.16%
  77  WP_290410654.1                                    1.74%    passed     50.88%
  78  WP_144523896.1                                    0.29%    passed     93.35%
  79  WP_213380728.1                                    0.58%    passed     89.52%
  80  WP_430097725.1                                    1.74%    passed     42.63%
  81  WP_073411996.1                                    0.29%    passed     88.46%
  82  WP_073208534.1                                    0.29%    passed     91.45%
  83  WP_474970554.1                                    2.33%    passed     67.30%
  84  WP_474317616.1                                    1.74%    passed     45.89%
  85  WP_367912948.1                                    0.29%    passed     88.03%
  86  WP_096882194.1                                    0.29%    passed     89.97%
  87  QWS52513.1                                        6.10%    passed     83.09%
WARNING: 1 sequences contain more than 50% gaps/ambiguity
****  TOTAL                                             4.03%  8 sequences failed composition chi2 test (p-value<5%; df=19)
NOTE: WP_229252482.1 is identical to MCC4313474.1 but kept for subsequent analysis
NOTE: WP_268346717.1 is identical to WP_268348884.1 but kept for subsequent analysis
NOTE: WP_213380728.1 is identical to WP_326243746.1 but kept for subsequent analysis
Checking for duplicate sequences: done in 0.000131008 secs using 99.99% CPU


Create initial parsimony tree by phylogenetic likelihood library (PLL)... 0.024 seconds
Perform fast likelihood tree search using LG+I+G model...
Estimate model parameters (epsilon = 5.000)
Perform nearest neighbor interchange...
Estimate model parameters (epsilon = 1.000)
1. Initial log-likelihood: -23837.055
Optimal log-likelihood: -23836.956
Proportion of invariable sites: 0.000
Gamma shape alpha: 1.111
Parameters optimization took 1 rounds (0.030 sec)
Time for fast ML tree search: 0.784 seconds

NOTE: ModelFinder requires 50 MB RAM!
ModelFinder will test up to 1232 protein models (sample size: 344 epsilon: 0.100) ...
 No. Model         -LnL         df  AIC          AICc         BIC
  1  LG            24829.162    171 50000.323    50342.323    50657.073
  2  LG+I          24819.015    172 49982.030    50330.053    50642.620
  3  LG+G4         23836.967    172 48017.933    48365.957    48678.524
  4  LG+I+G4       23836.961    173 48019.921    48374.062    48684.352
  5  LG+R2         24005.520    173 48357.039    48711.180    49021.470
  6  LG+R3         23868.073    175 48086.147    48452.813    48758.259
  7  LG+R4         23831.526    177 48017.052    48396.643    48696.846
  8  LG+R5         23826.605    179 48011.209    48404.136    48698.684
 14  LG+I+R2       24003.178    174 48354.355    48714.710    49022.627
 15  LG+I+R3       23867.427    176 48086.854    48459.932    48762.807
 16  LG+I+R4       23831.583    178 48019.167    48405.373    48702.801
 17  LG+I+R5       23826.630    180 48013.261    48413.015    48704.576
 25  LG+F+G4       23852.192    191 48086.383    48568.910    48819.946
 26  LG+F+I+G4     23852.187    192 48088.374    48579.182    48825.777
 47  WAG+G4        23837.155    172 48018.310    48366.333    48678.900
 48  WAG+I+G4      23837.130    173 48020.260    48374.401    48684.691
 69  WAG+F+G4      23834.629    191 48051.259    48533.785    48784.821
 70  WAG+F+I+G4    23834.617    192 48053.235    48544.043    48790.638
 91  JTT+G4        24052.239    172 48448.478    48796.502    49109.069
 92  JTT+I+G4      24052.240    173 48450.480    48804.621    49114.911
113  JTT+F+G4      24062.493    191 48506.987    48989.513    49240.549
114  JTT+F+I+G4    24062.493    192 48508.987    48999.795    49246.390
135  Q.PFAM+G4     23828.020    172 48000.039    48348.063    48660.630
136  Q.PFAM+I+G4   23828.011    173 48002.022    48356.163    48666.453
157  Q.PFAM+F+G4   23865.425    191 48112.849    48595.376    48846.412
158  Q.PFAM+F+I+G4 23865.424    192 48114.849    48605.657    48852.252
179  Q.BIRD+G4     24579.727    172 49503.453    49851.477    50164.044
180  Q.BIRD+I+G4   24579.694    173 49505.389    49859.530    50169.820
201  Q.BIRD+F+G4   24549.206    191 49480.413    49962.939    50213.975
202  Q.BIRD+F+I+G4 24549.203    192 49482.407    49973.214    50219.810
223  Q.MAMMAL+G4   24435.801    172 49215.603    49563.626    49876.193
224  Q.MAMMAL+I+G4 24435.799    173 49217.599    49571.740    49882.030
245  Q.MAMMAL+F+G4 24381.769    191 49145.538    49628.064    49879.101
246  Q.MAMMAL+F+I+G4 24381.769    192 49147.538    49638.346    49884.941
267  Q.INSECT+G4   23963.242    172 48270.483    48618.507    48931.074
268  Q.INSECT+I+G4 23963.242    173 48272.484    48626.626    48936.915
289  Q.INSECT+F+G4 24078.849    191 48539.698    49022.225    49273.261
290  Q.INSECT+F+I+G4 24078.847    192 48541.695    49032.503    49279.098
311  Q.PLANT+G4    24108.738    172 48561.476    48909.499    49222.066
312  Q.PLANT+I+G4  24108.737    173 48563.473    48917.614    49227.904
333  Q.PLANT+F+G4  24144.536    191 48671.072    49153.599    49404.635
334  Q.PLANT+F+I+G4 24144.535    192 48673.069    49163.877    49410.473
355  Q.YEAST+G4    23880.471    172 48104.941    48452.965    48765.532
356  Q.YEAST+I+G4  23880.465    173 48106.929    48461.070    48771.360
377  Q.YEAST+F+G4  24002.755    191 48387.509    48870.036    49121.072
378  Q.YEAST+F+I+G4 24002.755    192 48389.510    48880.318    49126.913
399  JTTDCMUT+G4   24052.884    172 48449.768    48797.791    49110.358
400  JTTDCMUT+I+G4 24052.881    173 48451.761    48805.903    49116.192
421  JTTDCMUT+F+G4 24059.164    191 48500.327    48982.854    49233.890
422  JTTDCMUT+F+I+G4 24059.163    192 48502.326    48993.134    49239.730
443  DCMUT+G4      24136.161    172 48616.323    48964.346    49276.913
444  DCMUT+I+G4    24136.122    173 48618.244    48972.385    49282.675
465  DCMUT+F+G4    24093.742    191 48569.485    49052.011    49303.047
466  DCMUT+F+I+G4  24093.734    192 48571.467    49062.275    49308.870
487  VT+G4         23893.750    172 48131.499    48479.523    48792.090
488  VT+I+G4       23893.736    173 48133.473    48487.614    48797.904
509  VT+F+G4       23936.036    191 48254.072    48736.599    48987.635
510  VT+F+I+G4     23936.031    192 48256.062    48746.869    48993.465
531  PMB+G4        24015.141    172 48374.282    48722.305    49034.872
532  PMB+I+G4      24015.141    173 48376.282    48730.423    49040.713
553  PMB+F+G4      23974.880    191 48331.761    48814.287    49065.323
554  PMB+F+I+G4    23974.876    192 48333.751    48824.559    49071.154
575  BLOSUM62+G4   23985.614    172 48315.228    48663.251    48975.818
576  BLOSUM62+I+G4 23985.613    173 48317.226    48671.368    48981.657
597  BLOSUM62+F+G4 23997.748    191 48377.496    48860.022    49111.058
598  BLOSUM62+F+I+G4 23997.728    192 48379.457    48870.265    49116.860
619  DAYHOFF+G4    24136.275    172 48616.550    48964.574    49277.141
620  DAYHOFF+I+G4  24136.257    173 48618.515    48972.656    49282.946
641  DAYHOFF+F+G4  24093.329    191 48568.657    49051.184    49302.220
642  DAYHOFF+F+I+G4 24093.327    192 48570.655    49061.463    49308.058
663  MTREV+G4      24965.901    172 50275.801    50623.824    50936.391
664  MTREV+I+G4    24965.880    173 50277.759    50631.901    50942.191
685  MTREV+F+G4    24249.285    191 48880.570    49363.097    49614.133
686  MTREV+F+I+G4  24249.271    192 48882.542    49373.349    49619.945
707  MTART+G4      25148.641    172 50641.282    50989.306    51301.873
708  MTART+I+G4    25148.600    173 50643.199    50997.341    51307.630
729  MTART+F+G4    24469.390    191 49320.780    49803.306    50054.343
730  MTART+F+I+G4  24469.372    192 49322.743    49813.551    50060.146
751  MTZOA+G4      24748.183    172 49840.366    50188.389    50500.956
752  MTZOA+I+G4    24748.146    173 49842.291    50196.432    50506.722
773  MTZOA+F+G4    24233.993    191 48849.986    49332.512    49583.548
774  MTZOA+F+I+G4  24233.946    192 48851.893    49342.701    49589.296
795  MTMET+G4      24892.100    172 50128.199    50476.223    50788.790
796  MTMET+I+G4    24892.059    173 50130.117    50484.258    50794.548
817  MTMET+F+G4    24312.930    191 49007.859    49490.386    49741.422
818  MTMET+F+I+G4  24312.907    192 49009.815    49500.622    49747.218
839  MTVER+G4      25136.745    172 50617.489    50965.513    51278.080
840  MTVER+I+G4    25136.728    173 50619.456    50973.598    51283.887
861  MTVER+F+G4    24567.998    191 49517.997    50000.523    50251.559
862  MTVER+F+I+G4  24567.987    192 49519.975    50010.783    50257.378
883  MTINV+G4      24963.784    172 50271.568    50619.592    50932.158
884  MTINV+I+G4    24963.784    173 50273.567    50627.708    50937.998
905  MTINV+F+G4    24170.252    191 48722.504    49205.030    49456.066
906  MTINV+F+I+G4  24170.223    192 48724.446    49215.254    49461.850
927  MTMAM+G4      25486.616    172 51317.233    51665.256    51977.823
928  MTMAM+I+G4    25486.592    173 51319.184    51673.325    51983.615
949  MTMAM+F+G4    24810.891    191 50003.783    50486.309    50737.345
950  MTMAM+F+I+G4  24808.994    192 50001.989    50492.797    50739.392
971  FLAVI+G4      24979.737    172 50303.474    50651.498    50964.065
972  FLAVI+I+G4    24979.666    173 50305.331    50659.473    50969.762
993  FLAVI+F+G4    24897.353    191 50176.706    50659.233    50910.269
994  FLAVI+F+I+G4  24896.974    192 50177.948    50668.756    50915.351
1015  HIVB+G4       24560.231    172 49464.463    49812.486    50125.053
1016  HIVB+I+G4     24560.262    173 49466.525    49820.666    50130.956
1037  HIVB+F+G4     24435.490    191 49252.981    49735.507    49986.543
1038  HIVB+F+I+G4   24435.467    192 49254.934    49745.742    49992.338
1059  HIVW+G4       25256.151    172 50856.302    51204.326    51516.893
1060  HIVW+I+G4     25256.110    173 50858.219    51212.360    51522.650
1081  HIVW+F+G4     25018.785    191 50419.570    50902.097    51153.133
1082  HIVW+F+I+G4   25018.781    192 50421.562    50912.370    51158.965
1103  FLU+G4        24217.350    172 48778.699    49126.723    49439.290
1104  FLU+I+G4      24217.346    173 48780.692    49134.834    49445.123
1125  FLU+F+G4      24156.029    191 48694.059    49176.585    49427.621
1126  FLU+F+I+G4    24156.025    192 48696.050    49186.858    49433.453
1147  RTREV+G4      24067.801    172 48479.602    48827.626    49140.193
1148  RTREV+I+G4    24067.784    173 48481.568    48835.709    49145.999
1169  RTREV+F+G4    23949.343    191 48280.686    48763.212    49014.249
1170  RTREV+F+I+G4  23949.340    192 48282.679    48773.487    49020.082
1191  CPREV+G4      23892.979    172 48129.957    48477.981    48790.547
1192  CPREV+I+G4    23892.982    173 48131.964    48486.105    48796.395
1213  CPREV+F+G4    23838.825    191 48059.650    48542.177    48793.213
1214  CPREV+F+I+G4  23838.820    192 48061.641    48552.449    48799.044
Akaike Information Criterion:           Q.PFAM+G4
Corrected Akaike Information Criterion: Q.PFAM+G4
Bayesian Information Criterion:         Q.PFAM+G4
Best-fit model: Q.PFAM+G4 chosen according to BIC

All model information printed to M23_iqtree.model.gz
CPU time for ModelFinder: 333.456 seconds (0h:5m:33s)
Wall-clock time for ModelFinder: 21.058 seconds (0h:0m:21s)
Generating 1000 samples for ultrafast bootstrap (seed: 605795)...

NOTE: 20 MB RAM (0 GB) is required!
Estimate model parameters (epsilon = 0.100)
1. Initial log-likelihood: -23836.916
2. Current log-likelihood: -23828.374
3. Current log-likelihood: -23828.032
Optimal log-likelihood: -23828.016
Gamma shape alpha: 1.133
Parameters optimization took 3 rounds (0.109 sec)
Wrote distance file to... 
Computing ML distances based on estimated model parameters...
Calculating distance matrix: done in 0.0323788 secs using 1585% CPU
Computing ML distances took 0.032430 sec (of wall-clock time) 0.513367 sec (of CPU time)
WARNING: Some pairwise ML distances are too long (saturated)
Setting up auxiliary I and S matrices: done in 0.00230742 secs using 102.8% CPU
Constructing RapidNJ tree: done in 0.0902683 secs using 93.75% CPU
Computing RapidNJ tree took 0.092682 sec (of wall-clock time) 0.087107 sec (of CPU time)
Log-likelihood of RapidNJ tree: -23901.063
--------------------------------------------------------------------
|             INITIALIZING CANDIDATE TREE SET                      |
--------------------------------------------------------------------
Generating 98 parsimony trees... 1.288 second
Computing log-likelihood of 98 initial trees ... 1.455 seconds
Current best score: -23828.016

Do NNI search on 20 best initial trees
Estimate model parameters (epsilon = 0.100)
BETTER TREE FOUND at iteration 1: -23827.971
Estimate model parameters (epsilon = 0.100)
BETTER TREE FOUND at iteration 2: -23819.459
Iteration 10 / LogL: -23832.301 / Time: 0h:0m:29s
Estimate model parameters (epsilon = 0.100)
BETTER TREE FOUND at iteration 17: -23817.316
Iteration 20 / LogL: -23822.297 / Time: 0h:0m:33s
Finish initializing candidate tree set (16)
Current best tree score: -23817.316 / CPU time: 11.756
Number of iterations: 20
--------------------------------------------------------------------
|               OPTIMIZING CANDIDATE TREE SET                      |
--------------------------------------------------------------------
Estimate model parameters (epsilon = 0.100)
BETTER TREE FOUND at iteration 27: -23814.646
Iteration 30 / LogL: -23819.001 / Time: 0h:0m:39s (0h:1m:0s left)
Estimate model parameters (epsilon = 0.100)
BETTER TREE FOUND at iteration 40: -23810.053
Iteration 40 / LogL: -23810.053 / Time: 0h:0m:44s (0h:1m:1s left)
Iteration 50 / LogL: -23817.324 / Time: 0h:0m:50s (0h:0m:53s left)
Log-likelihood cutoff on original alignment: -23864.565
Iteration 60 / LogL: -23816.210 / Time: 0h:0m:56s (0h:0m:47s left)
UPDATE BEST LOG-LIKELIHOOD: -23810.050
Iteration 70 / LogL: -23816.052 / Time: 0h:1m:1s (0h:0m:41s left)
Iteration 80 / LogL: -23817.921 / Time: 0h:1m:7s (0h:0m:35s left)
UPDATE BEST LOG-LIKELIHOOD: -23810.048
Iteration 90 / LogL: -23814.986 / Time: 0h:1m:12s (0h:0m:29s left)
Iteration 100 / LogL: -23830.680 / Time: 0h:1m:18s (0h:0m:23s left)
Log-likelihood cutoff on original alignment: -23864.565
NOTE: Bootstrap correlation coefficient of split occurrence frequencies: 0.995
UPDATE BEST LOG-LIKELIHOOD: -23810.047
Iteration 110 / LogL: -23812.365 / Time: 0h:1m:24s (0h:0m:52s left)
Iteration 120 / LogL: -23820.849 / Time: 0h:1m:29s (0h:0m:46s left)
Iteration 130 / LogL: -23817.399 / Time: 0h:1m:35s (0h:0m:40s left)
Iteration 140 / LogL: -23810.508 / Time: 0h:1m:40s (0h:0m:34s left)
TREE SEARCH COMPLETED AFTER 141 ITERATIONS / Time: 0h:1m:40s

--------------------------------------------------------------------
|                    FINALIZING TREE SEARCH                        |
--------------------------------------------------------------------
Performs final model parameters optimization
Estimate model parameters (epsilon = 0.010)
1. Initial log-likelihood: -23810.047
Optimal log-likelihood: -23810.047
Gamma shape alpha: 1.150
Parameters optimization took 1 rounds (0.027 sec)
BEST SCORE FOUND : -23810.047

Testing tree branches by SH-like aLRT with 1000 replicates...
0.089 sec.
Creating bootstrap support values...
Split supports printed to NEXUS file M23_iqtree.splits.nex
Total tree length: 40.205

Total number of iterations: 141
CPU time used for tree search: 1234.967 sec (0h:20m:34s)
Wall-clock time used for tree search: 79.145 sec (0h:1m:19s)
Total CPU time used: 1580.217 sec (0h:26m:20s)
Total wall-clock time used: 101.176 sec (0h:1m:41s)

Computing bootstrap consensus tree...
Reading input file M23_iqtree.splits.nex...
87 taxa and 642 splits.
Consensus tree written to M23_iqtree.contree
Reading input trees file M23_iqtree.contree
Log-likelihood of consensus tree: -23810.058

Analysis results written to: 
  IQ-TREE report:                M23_iqtree.iqtree
  Maximum-likelihood tree:       M23_iqtree.treefile
  Likelihood distances:          M23_iqtree.mldist

Ultrafast bootstrap approximation results written to:
  Split support values:          M23_iqtree.splits.nex
  Consensus tree:                M23_iqtree.contree
  Screen log file:               M23_iqtree.log

Date and Time: Sun May 17 12:02:07 2026
