IQ-TREE version 3.1.1 for MacOS Intel 64-bit built Apr  8 2026
Developed by Bui Quang Minh, Thomas Wong, Nhan Ly-Trong, Huaiyan Ren
Contributed by Lam-Tung Nguyen, Dominik Schrempf, Chris Bielow,
Olga Chernomor, Michael Woodhams, Diep Thi Hoang, Heiko Schmidt

Host:    KL-22571 (AVX2, FMA3, 16 GB RAM)
Command: /usr/local/Caskroom/miniforge/base/envs/phylo/bin/iqtree3 -s closed_M23_aln_trim.fasta -m MFP -B 1000 -alrt 1000 -T 4 -pre closed_M23_iqtree --redo
Seed:    915456 (Using SPRNG - Scalable Parallel Random Number Generator)
Time:    Mon Sep 28 18:20:29 2026
Kernel:  AVX+FMA - 4 threads (16 CPU cores detected)

Reading alignment file closed_M23_aln_trim.fasta ... Fasta format detected
Reading fasta file: done in 0.000752926 secs using 15.67% CPU
Alignment most likely contains protein sequences
Constructing alignment: done in 0.000819921 secs using 324.1% CPU
Alignment has 16 sequences with 328 columns, 312 distinct patterns
244 parsimony-informative, 51 singleton sites, 33 constant sites
                                                                           Gap/Ambiguity  Composition  p-value
Analyzing sequences: done in 4.79221e-05 secs using 233.7% CPU
   1  PL25_M23|plasmid_pPL25-M23|this_study                                        1.52%    passed     31.74%
   2  Lysostaphin_outgroup|chromosome|P10547                                      26.52%    failed      0.41%
   3  Lentibacillus_sp_CBA3610|chromosome|WP_176447356.1                           0.00%    passed     56.20%
   4  Virgibacillus_ainsalahensis_JCM30907|chromosome|WP_461177648.1               0.30%    passed     33.72%
   5  Lentibacillus_amyloliquefaciens_LAM0015|chromosome|WP_068441797.1            0.00%    passed     29.13%
   6  Gracilibacillus_boraciitolerans_JCM21714|plasmid_pJCM21714|WP_464380148.1    2.44%    passed     27.52%
   7  Virgibacillus_halodenitrificans_Bac324|plasmid_unnamed|WP_121616750.1        0.00%    passed     77.99%
   8  Cytobacillus_oceanisediminis_2691|plasmid_pBO1|WP_019380455.1                0.00%    passed     91.23%
   9  Cytobacillus_firmus_M7|plasmid_p1|WP_263600221.1                             0.00%    passed     86.96%
  10  Cytobacillus_firmus_CK19|plasmid_unnamed1|WP_252222728.1                     0.00%    passed     86.96%
  11  Cytobacillus_oceanisediminis_CK22|plasmid_unnamed1|WP_252246573.1            0.00%    passed     91.07%
  12  Cytobacillus_pseudoceanisediminis_BNO1|plasmid_unnamed|WP_251264864.1        0.00%    passed     88.52%
  13  Cytobacillus_firmus_SGAir0285|plasmid_pSGAir0285_3|WP_009335593.1            0.00%    passed     99.94%
  14  Halobacillus_litoralis_ERB031|plasmid_pLDW-31|WP_241656025.1                 0.30%    passed     94.69%
  15  Cytobacillus_oceanisediminis_YPW-V2|plasmid_unnamed1|WP_192909257.1          0.00%    passed     99.68%
  16  Salinicoccus_jeotgali_JCM16981|plasmid_pJCM16981-2|WP_344700570.1            0.61%    failed      3.68%
****  TOTAL                                                                        1.98%  2 sequences failed composition chi2 test (p-value<5%; df=19)
NOTE: Cytobacillus_firmus_CK19|plasmid_unnamed1|WP_252222728.1 is identical to Cytobacillus_firmus_M7|plasmid_p1|WP_263600221.1 but kept for subsequent analysis
Checking for duplicate sequences: done in 8.39233e-05 secs using 331.3% CPU


Create initial parsimony tree by phylogenetic likelihood library (PLL)... 0.001 seconds
Perform fast likelihood tree search using LG+I+G model...
Estimate model parameters (epsilon = 5.000)
Perform nearest neighbor interchange...
Estimate model parameters (epsilon = 1.000)
1. Initial log-likelihood: -6164.602
Optimal log-likelihood: -6164.545
Proportion of invariable sites: 0.037
Gamma shape alpha: 1.376
Parameters optimization took 1 rounds (0.009 sec)
Time for fast ML tree search: 0.095 seconds

NOTE: ModelFinder requires 9 MB RAM!
ModelFinder will test up to 1232 protein models (sample size: 328 epsilon: 0.100) ...
 No. Model         -LnL         df  AIC          AICc         BIC
  1  LG            6319.516     29  12697.033    12702.872    12807.030
  2  LG+I          6266.515     30  12593.030    12599.292    12706.820
  3  LG+G4         6165.421     30  12390.841    12397.104    12504.632
  4  LG+I+G4       6164.526     31  12391.052    12397.754    12508.635
  5  LG+R2         6170.386     31  12402.773    12409.476    12520.356
  6  LG+R3         6164.937     33  12395.873    12403.506    12521.043
 14  LG+I+R2       6166.399     32  12396.798    12403.958    12518.175
 15  LG+I+R3       6163.939     34  12395.877    12404.000    12524.840
 25  LG+F+G4       6121.275     49  12340.551    12358.176    12526.408
 26  LG+F+I+G4     6120.761     50  12341.522    12359.934    12531.173
 47  WAG+G4        6143.536     30  12347.071    12353.334    12460.862
 48  WAG+I+G4      6143.032     31  12348.064    12354.767    12465.648
 69  WAG+F+G4      6105.842     49  12309.684    12327.310    12495.542
 70  WAG+F+I+G4    6105.362     50  12310.725    12329.136    12500.375
 91  JTT+G4        6217.181     30  12494.362    12500.624    12608.152
 92  JTT+I+G4      6216.403     31  12494.805    12501.508    12612.389
113  JTT+F+G4      6177.305     49  12452.610    12470.236    12638.468
114  JTT+F+I+G4    6176.817     50  12453.634    12472.046    12643.285
135  Q.PFAM+G4     6163.550     30  12387.099    12393.362    12500.890
136  Q.PFAM+I+G4   6162.053     31  12386.105    12392.808    12503.689
157  Q.PFAM+F+G4   6122.978     49  12343.957    12361.583    12529.814
158  Q.PFAM+F+I+G4 6121.825     50  12343.650    12362.061    12533.301
179  Q.BIRD+G4     6348.761     30  12757.522    12763.785    12871.313
180  Q.BIRD+I+G4   6346.660     31  12755.319    12762.022    12872.902
201  Q.BIRD+F+G4   6288.091     49  12674.182    12691.808    12860.039
202  Q.BIRD+F+I+G4 6286.723     50  12673.446    12691.857    12863.096
223  Q.MAMMAL+G4   6323.531     30  12707.061    12713.324    12820.852
224  Q.MAMMAL+I+G4 6321.542     31  12705.085    12711.788    12822.668
245  Q.MAMMAL+F+G4 6251.224     49  12600.448    12618.074    12786.305
246  Q.MAMMAL+F+I+G4 6249.784     50  12599.569    12617.980    12789.219
267  Q.INSECT+G4   6217.068     30  12494.137    12500.399    12607.927
268  Q.INSECT+I+G4 6215.611     31  12493.222    12499.925    12610.806
289  Q.INSECT+F+G4 6174.335     49  12446.670    12464.296    12632.528
290  Q.INSECT+F+I+G4 6173.601     50  12447.203    12465.614    12636.853
311  Q.PLANT+G4    6230.936     30  12521.872    12528.134    12635.662
312  Q.PLANT+I+G4  6229.676     31  12521.352    12528.055    12638.936
333  Q.PLANT+F+G4  6194.856     49  12487.711    12505.337    12673.569
334  Q.PLANT+F+I+G4 6194.068     50  12488.137    12506.548    12677.787
355  Q.YEAST+G4    6196.465     30  12452.931    12459.193    12566.721
356  Q.YEAST+I+G4  6194.906     31  12451.812    12458.514    12569.395
377  Q.YEAST+F+G4  6155.719     49  12409.438    12427.064    12595.295
378  Q.YEAST+F+I+G4 6154.660     50  12409.321    12427.732    12598.971
399  JTTDCMUT+G4   6217.094     30  12494.188    12500.451    12607.979
400  JTTDCMUT+I+G4 6216.373     31  12494.746    12501.449    12612.330
421  JTTDCMUT+F+G4 6177.263     49  12452.526    12470.152    12638.384
422  JTTDCMUT+F+I+G4 6176.843     50  12453.686    12472.098    12643.337
443  DCMUT+G4      6225.925     30  12511.850    12518.112    12625.640
444  DCMUT+I+G4    6225.901     31  12513.803    12520.506    12631.386
465  DCMUT+F+G4    6166.070     49  12430.140    12447.766    12615.998
466  DCMUT+F+I+G4  6166.026     50  12432.053    12450.465    12621.704
487  VT+G4         6164.413     30  12388.826    12395.089    12502.617
488  VT+I+G4       6163.353     31  12388.705    12395.408    12506.288
509  VT+F+G4       6125.567     49  12349.135    12366.761    12534.992
510  VT+F+I+G4     6124.786     50  12349.572    12367.983    12539.222
531  PMB+G4        6185.006     30  12430.011    12436.274    12543.802
532  PMB+I+G4      6184.214     31  12430.427    12437.130    12548.011
553  PMB+F+G4      6127.359     49  12352.717    12370.343    12538.575
554  PMB+F+I+G4    6126.756     50  12353.513    12371.924    12543.163
575  BLOSUM62+G4   6177.367     30  12414.733    12420.996    12528.524
576  BLOSUM62+I+G4 6176.525     31  12415.050    12421.752    12532.633
597  BLOSUM62+F+G4 6130.965     49  12359.930    12377.556    12545.787
598  BLOSUM62+F+I+G4 6130.312     50  12360.624    12379.035    12550.274
619  DAYHOFF+G4    6226.083     30  12512.166    12518.428    12625.956
620  DAYHOFF+I+G4  6225.967     31  12513.935    12520.637    12631.518
641  DAYHOFF+F+G4  6166.150     49  12430.301    12447.927    12616.159
642  DAYHOFF+F+I+G4 6166.067     50  12432.133    12450.545    12621.784
663  MTREV+G4      6431.593     30  12923.185    12929.448    13036.976
664  MTREV+I+G4    6431.124     31  12924.247    12930.950    13041.831
685  MTREV+F+G4    6190.562     49  12479.123    12496.749    12664.981
686  MTREV+F+I+G4  6190.297     50  12480.594    12499.006    12670.245
707  MTART+G4      6457.953     30  12975.907    12982.169    13089.697
708  MTART+I+G4    6456.530     31  12975.061    12981.764    13092.644
729  MTART+F+G4    6243.624     49  12585.248    12602.874    12771.106
730  MTART+F+I+G4  6243.128     50  12586.256    12604.668    12775.907
751  MTZOA+G4      6388.850     30  12837.699    12843.962    12951.490
752  MTZOA+I+G4    6387.916     31  12837.831    12844.534    12955.415
773  MTZOA+F+G4    6206.435     49  12510.870    12528.496    12696.728
774  MTZOA+F+I+G4  6206.276     50  12512.551    12530.963    12702.202
795  MTMET+G4      6430.492     30  12920.983    12927.246    13034.774
796  MTMET+I+G4    6429.786     31  12921.571    12928.274    13039.155
817  MTMET+F+G4    6228.572     49  12555.143    12572.769    12741.001
818  MTMET+F+I+G4  6228.301     50  12556.602    12575.013    12746.253
839  MTVER+G4      6504.850     30  13069.699    13075.962    13183.490
840  MTVER+I+G4    6503.924     31  13069.849    13076.551    13187.432
861  MTVER+F+G4    6278.052     49  12654.103    12671.729    12839.961
862  MTVER+F+I+G4  6277.079     50  12654.158    12672.569    12843.808
883  MTINV+G4      6451.835     30  12963.670    12969.933    13077.461
884  MTINV+I+G4    6451.194     31  12964.387    12971.090    13081.971
905  MTINV+F+G4    6195.455     49  12488.910    12506.536    12674.768
906  MTINV+F+I+G4  6195.313     50  12490.625    12509.037    12680.276
927  MTMAM+G4      6549.020     30  13158.040    13164.302    13271.830
928  MTMAM+I+G4    6547.067     31  13156.135    13162.837    13273.718
949  MTMAM+F+G4    6315.458     49  12728.917    12746.543    12914.774
950  MTMAM+F+I+G4  6313.641     50  12727.282    12745.694    12916.933
971  FLAVI+G4      6444.020     30  12948.040    12954.302    13061.830
972  FLAVI+I+G4    6442.882     31  12947.764    12954.467    13065.347
993  FLAVI+F+G4    6373.565     49  12845.131    12862.757    13030.988
994  FLAVI+F+I+G4  6371.830     50  12843.660    12862.072    13033.311
1015  HIVB+G4       6353.500     30  12767.001    12773.263    12880.791
1016  HIVB+I+G4     6352.239     31  12766.478    12773.180    12884.061
1037  HIVB+F+G4     6258.808     49  12615.615    12633.241    12801.473
1038  HIVB+F+I+G4   6258.333     50  12616.667    12635.078    12806.317
1059  HIVW+G4       6532.258     30  13124.515    13130.778    13238.306
1060  HIVW+I+G4     6529.023     31  13120.047    13126.749    13237.630
1081  HIVW+F+G4     6389.928     49  12877.855    12895.481    13063.713
1082  HIVW+F+I+G4   6386.971     50  12873.942    12892.354    13063.593
1103  FLU+G4        6270.132     30  12600.263    12606.526    12714.054
1104  FLU+I+G4      6268.420     31  12598.839    12605.542    12716.423
1125  FLU+F+G4      6208.795     49  12515.590    12533.215    12701.447
1126  FLU+F+I+G4    6206.884     50  12513.769    12532.181    12703.420
1147  RTREV+G4      6215.655     30  12491.311    12497.573    12605.101
1148  RTREV+I+G4    6214.876     31  12491.751    12498.454    12609.335
1169  RTREV+F+G4    6133.580     49  12365.161    12382.787    12551.019
1170  RTREV+F+I+G4  6133.089     50  12366.178    12384.590    12555.829
1191  CPREV+G4      6176.036     30  12412.072    12418.334    12525.862
1192  CPREV+I+G4    6176.339     31  12414.678    12421.380    12532.261
1213  CPREV+F+G4    6106.897     49  12311.794    12329.420    12497.652
1214  CPREV+F+I+G4  6107.142     50  12314.283    12332.695    12503.934
Akaike Information Criterion:           WAG+F+G4
Corrected Akaike Information Criterion: WAG+F+G4
Bayesian Information Criterion:         WAG+G4
Best-fit model: WAG+G4 chosen according to BIC

All model information printed to closed_M23_iqtree.model.gz
CPU time for ModelFinder: 12.885 seconds (0h:0m:12s)
Wall-clock time for ModelFinder: 3.422 seconds (0h:0m:3s)
Generating 1000 samples for ultrafast bootstrap (seed: 915456)...

NOTE: 4 MB RAM (0 GB) is required!
Estimate model parameters (epsilon = 0.100)
1. Initial log-likelihood: -6145.918
2. Current log-likelihood: -6143.746
3. Current log-likelihood: -6143.559
Optimal log-likelihood: -6143.535
Gamma shape alpha: 1.378
Parameters optimization took 3 rounds (0.029 sec)
Wrote distance file to... 
Computing ML distances based on estimated model parameters...
Calculating distance matrix: done in 0.00425816 secs using 399.8% CPU
Computing ML distances took 0.004398 sec (of wall-clock time) 0.017398 sec (of CPU time)
Setting up auxiliary I and S matrices: done in 6.29425e-05 secs using 448% CPU
Constructing RapidNJ tree: done in 0.000216961 secs using 158.6% CPU
Computing RapidNJ tree took 0.000344 sec (of wall-clock time) 0.000800 sec (of CPU time)
Log-likelihood of RapidNJ tree: -6141.542
--------------------------------------------------------------------
|             INITIALIZING CANDIDATE TREE SET                      |
--------------------------------------------------------------------
Generating 98 parsimony trees... 0.122 second
Computing log-likelihood of 98 initial trees ... 0.282 seconds
Current best score: -6141.542

Do NNI search on 20 best initial trees
Estimate model parameters (epsilon = 0.100)
BETTER TREE FOUND at iteration 1: -6139.924
UPDATE BEST LOG-LIKELIHOOD: -6139.921
Iteration 10 / LogL: -6143.596 / Time: 0h:0m:4s
UPDATE BEST LOG-LIKELIHOOD: -6139.921
Iteration 20 / LogL: -6143.597 / Time: 0h:0m:5s
Finish initializing candidate tree set (3)
Current best tree score: -6139.921 / CPU time: 1.634
Number of iterations: 20
--------------------------------------------------------------------
|               OPTIMIZING CANDIDATE TREE SET                      |
--------------------------------------------------------------------
UPDATE BEST LOG-LIKELIHOOD: -6139.921
Iteration 30 / LogL: -6143.545 / Time: 0h:0m:5s (0h:0m:5s left)
Iteration 40 / LogL: -6139.922 / Time: 0h:0m:6s (0h:0m:4s left)
UPDATE BEST LOG-LIKELIHOOD: -6139.921
Iteration 50 / LogL: -6143.569 / Time: 0h:0m:7s (0h:0m:3s left)
Log-likelihood cutoff on original alignment: -6163.583
Iteration 60 / LogL: -6143.617 / Time: 0h:0m:8s (0h:0m:3s left)
Iteration 70 / LogL: -6139.922 / Time: 0h:0m:8s (0h:0m:2s left)
Iteration 80 / LogL: -6139.923 / Time: 0h:0m:9s (0h:0m:1s left)
Iteration 90 / LogL: -6162.387 / Time: 0h:0m:10s (0h:0m:0s left)
Iteration 100 / LogL: -6139.922 / Time: 0h:0m:10s (0h:0m:0s left)
Log-likelihood cutoff on original alignment: -6163.709
NOTE: Bootstrap correlation coefficient of split occurrence frequencies: 0.998
TREE SEARCH COMPLETED AFTER 102 ITERATIONS / Time: 0h:0m:11s

--------------------------------------------------------------------
|                    FINALIZING TREE SEARCH                        |
--------------------------------------------------------------------
Performs final model parameters optimization
Estimate model parameters (epsilon = 0.010)
1. Initial log-likelihood: -6139.921
Optimal log-likelihood: -6139.921
Gamma shape alpha: 1.410
Parameters optimization took 1 rounds (0.008 sec)
BEST SCORE FOUND : -6139.921

Testing tree branches by SH-like aLRT with 1000 replicates...
0.030 sec.
Creating bootstrap support values...
Split supports printed to NEXUS file closed_M23_iqtree.splits.nex
Total tree length: 7.423

Total number of iterations: 102
CPU time used for tree search: 29.074 sec (0h:0m:29s)
Wall-clock time used for tree search: 7.709 sec (0h:0m:7s)
Total CPU time used: 42.597 sec (0h:0m:42s)
Total wall-clock time used: 11.296 sec (0h:0m:11s)

Computing bootstrap consensus tree...
Reading input file closed_M23_iqtree.splits.nex...
16 taxa and 77 splits.
Consensus tree written to closed_M23_iqtree.contree
Reading input trees file closed_M23_iqtree.contree
Log-likelihood of consensus tree: -6139.923

Analysis results written to: 
  IQ-TREE report:                closed_M23_iqtree.iqtree
  Maximum-likelihood tree:       closed_M23_iqtree.treefile
  Likelihood distances:          closed_M23_iqtree.mldist

Ultrafast bootstrap approximation results written to:
  Split support values:          closed_M23_iqtree.splits.nex
  Consensus tree:                closed_M23_iqtree.contree
  Screen log file:               closed_M23_iqtree.log

Date and Time: Mon Sep 28 18:20:41 2026
