# hmmsearch :: search profile(s) against a sequence database
# HMMER 3.4 (Aug 2023); http://hmmer.org/
# Copyright (C) 2023 Howard Hughes Medical Institute.
# Freely distributed under the BSD open source license.
# - - - - - - - - - - - - - - - - - - - - - - - - - - - - - - - - - - - -
# query HMM file:                  /Users/farrana/.macsyfinder/models/CONJScan/profiles/FATA_prgK.hmm
# target sequence database:        /Users/farrana/prophage-endolysin-pipeline/non_endolysin_paper/results/03_M23_ICE_locus/contig_11_proteome.faa
# output directed to file:         /Users/farrana/prophage-endolysin-pipeline/non_endolysin_paper/results/17_conjscan/contig11_run/hmmer_results/FATA_prgK.search_hmm.out
# model-specific thresholding:     GA cutoffs
# number of worker threads:        1
# - - - - - - - - - - - - - - - - - - - - - - - - - - - - - - - - - - - -

Query:       FATA_prgK  [M=927]
Scores for complete sequences (score includes all domains):
   --- full sequence ---   --- best 1 domain ---    -#dom-
    E-value  score  bias    E-value  score  bias    exp  N  Sequence Description
    ------- ------ -----    ------- ------ -----   ---- --  -------- -----------

   [No hits detected that satisfy reporting thresholds]


Domain annotation for each sequence (and alignments):

   [No targets detected that satisfy reporting thresholds]


Internal pipeline statistics summary:
-------------------------------------
Query model(s):                            1  (927 nodes)
Target sequences:                         99  (19492 residues searched)
Passed MSV filter:                        12  (0.121212); expected 2.0 (0.02)
Passed bias filter:                        3  (0.030303); expected 2.0 (0.02)
Passed Vit filter:                         1  (0.010101); expected 0.1 (0.001)
Passed Fwd filter:                         1  (0.010101); expected 0.0 (1e-05)
Initial search space (Z):                 99  [actual number of targets]
Domain search space  (domZ):               0  [number of targets reported over threshold]
# CPU time: 0.00u 0.00s 00:00:00.00 Elapsed: 00:00:00.00
# Mc/sec: 2841.02
//
[ok]
