# hmmsearch :: search profile(s) against a sequence database
# HMMER 3.4 (Aug 2023); http://hmmer.org/
# Copyright (C) 2023 Howard Hughes Medical Institute.
# Freely distributed under the BSD open source license.
# - - - - - - - - - - - - - - - - - - - - - - - - - - - - - - - - - - - -
# query HMM file:                  /Users/farrana/.macsyfinder/models/CONJScan/profiles/T4SS_I_traM.hmm
# target sequence database:        /Users/farrana/prophage-endolysin-pipeline/non_endolysin_paper/results/03_M23_ICE_locus/contig_11_proteome.faa
# output directed to file:         /Users/farrana/prophage-endolysin-pipeline/non_endolysin_paper/results/17_conjscan/contig11_run/hmmer_results/T4SS_I_traM.search_hmm.out
# model-specific thresholding:     GA cutoffs
# number of worker threads:        1
# - - - - - - - - - - - - - - - - - - - - - - - - - - - - - - - - - - - -

Query:       I_traM  [M=229]
Scores for complete sequences (score includes all domains):
   --- full sequence ---   --- best 1 domain ---    -#dom-
    E-value  score  bias    E-value  score  bias    exp  N  Sequence Description
    ------- ------ -----    ------- ------ -----   ---- --  -------- -----------

   [No hits detected that satisfy reporting thresholds]


Domain annotation for each sequence (and alignments):

   [No targets detected that satisfy reporting thresholds]


Internal pipeline statistics summary:
-------------------------------------
Query model(s):                            1  (229 nodes)
Target sequences:                         99  (19492 residues searched)
Passed MSV filter:                         7  (0.0707071); expected 2.0 (0.02)
Passed bias filter:                        4  (0.040404); expected 2.0 (0.02)
Passed Vit filter:                         0  (0); expected 0.1 (0.001)
Passed Fwd filter:                         0  (0); expected 0.0 (1e-05)
Initial search space (Z):                 99  [actual number of targets]
Domain search space  (domZ):               0  [number of targets reported over threshold]
# CPU time: 0.01u 0.00s 00:00:00.01 Elapsed: 00:00:00.00
# Mc/sec: 5300.66
//
[ok]
