# hmmsearch :: search profile(s) against a sequence database
# HMMER 3.4 (Aug 2023); http://hmmer.org/
# Copyright (C) 2023 Howard Hughes Medical Institute.
# Freely distributed under the BSD open source license.
# - - - - - - - - - - - - - - - - - - - - - - - - - - - - - - - - - - - -
# query HMM file:                  /Users/farrana/.macsyfinder/models/CONJScan/profiles/T4SS_t4cp2.hmm
# target sequence database:        /Users/farrana/prophage-endolysin-pipeline/non_endolysin_paper/results/03_M23_ICE_locus/contig_11_proteome.faa
# output directed to file:         /Users/farrana/prophage-endolysin-pipeline/non_endolysin_paper/results/17_conjscan/contig11_run/hmmer_results/T4SS_t4cp2.search_hmm.out
# model-specific thresholding:     GA cutoffs
# number of worker threads:        1
# - - - - - - - - - - - - - - - - - - - - - - - - - - - - - - - - - - - -

Query:       t4cp2  [M=222]
Scores for complete sequences (score includes all domains):
   --- full sequence ---   --- best 1 domain ---    -#dom-
    E-value  score  bias    E-value  score  bias    exp  N  Sequence   Description
    ------- ------ -----    ------- ------ -----   ---- --  --------   -----------
    2.2e-19   62.2   0.0    3.9e-19   61.4   0.0    1.3  1  PL25_00148  hypothetical protein


Domain annotation for each sequence (and alignments):
>> PL25_00148  hypothetical protein
   #    score  bias  c-Evalue  i-Evalue hmmfrom  hmm to    alifrom  ali to    envfrom  env to     acc
 ---   ------ ----- --------- --------- ------- -------    ------- -------    ------- -------    ----
   1 !   61.4   0.0   3.9e-21   3.9e-19      20     189 ..     221     396 ..     206     424 .. 0.81

  Alignments for each domain:
  == domain 1  score: 61.4 bits;  conditional E-value: 3.9e-21
       t4cp2  20 atsksdfdlkdvikkpvalyivlpaedlas.lrplaslfisqlinalaklapekkkklkrpvlfllDEfgnlgkiegleealavargrgirfiliiQsl 117
                  t ksd+d+++ ++++++l++ +   +l++   +++++++  l +   ++ +   +++++p ++++DE+  +   +++e  l+ a+++++  i+++Qsl
  PL25_00148 221 ITGKSDIDIDKHFENGGVLIVNTALGTLKKaGDAFGQFVVMHLQSGTFRRKGT--EDSRVPHYMIIDEYSRY-INPDIEMFLSIAASYKVAGIFATQSL 316
                 5669********************98888879999999999999999999955..8899*************.************************** PP

       t4cp2 118 sqlek...lygkega.etilgNcnnkiyirtndeetaeeiskllGektvkvkssssssglge......rsgtsrteseqqrp 189
                 +qle    + g++++ ++il  c nki++   +   a+e+++++G+  v+ ++s+  +++         ++   tese+ r+
  PL25_00148 317 GQLEVeagKIGAKAMkQAILTSCRNKIAFCGLSAQDAKEFAEEFGKDPVIMRQST--YKNRIflprffPDTYRDTESEEYRY 396
                 *****65559966665999*******************************96666..5544455664333333444444333 PP



Internal pipeline statistics summary:
-------------------------------------
Query model(s):                            1  (222 nodes)
Target sequences:                         99  (19492 residues searched)
Passed MSV filter:                         4  (0.040404); expected 2.0 (0.02)
Passed bias filter:                        3  (0.030303); expected 2.0 (0.02)
Passed Vit filter:                         1  (0.010101); expected 0.1 (0.001)
Passed Fwd filter:                         1  (0.010101); expected 0.0 (1e-05)
Initial search space (Z):                 99  [actual number of targets]
Domain search space  (domZ):               1  [number of targets reported over threshold]
# CPU time: 0.00u 0.00s 00:00:00.00 Elapsed: 00:00:00.00
# Mc/sec: 1498.15
//
[ok]
